Microsoft (R) AL Compiler version 17.0.34.45391
Copyright (C) Microsoft Corporation. All rights reserved

app.json(140,5): info AL1079: Debugging will not work for this extension because 'allowDebugging' has been set to false and 'applyToDevExtension' to true.
Compilation started for project 'DXR Migration Control Center' containing '151' files at '10:31:09.160'.

src\Adapters\VP\DXRMCCVPMigrPhase3.Codeunit.al(7,19): warning AL0432: Table 'VP Historic Payload Header' is marked for removal. Reason: Replaced by DXR_VP Historic Payload Header. Retained for 28.3 data migration.. Tag: 28.3.0.0.
src\Adapters\VP\DXRMCCVPMigrPhase3.Codeunit.al(9,19): warning AL0432: Table 'VP Historic Payload Lines' is marked for removal. Reason: Replaced by DXR_VP Historic Payload Lines. Retained for 28.3 data migration.. Tag: 28.3.0.0.
src\Adapters\VP\DXRMCCVPMigrPhase3.Codeunit.al(11,19): warning AL0432: Table 'VP Historic VendorPay Group' is marked for removal. Reason: Replaced by DXR_VP Hist VendorPay Group. Retained for 28.3 data migration.. Tag: 28.3.0.0.
src\Adapters\VP\DXRMCCVPMigrPhase3.Codeunit.al(31,24): warning AL0432: Table 'VP Historic VendorPay Group' is marked for removal. Reason: Replaced by DXR_VP Hist VendorPay Group. Retained for 28.3 data migration.. Tag: 28.3.0.0.
src\Adapters\VP\DXRMCCVPMigrPhase4.Codeunit.al(7,19): warning AL0432: Table 'VPCargaMasivaBeneficiariosBPD' is marked for removal. Reason: Replaced by DXR_VPCargaMasBeneficiariosBPD. Retained for 28.3 data migration.. Tag: 28.3.0.0.
src\Adapters\VP\DXRMCCVPMigrPhase4.Codeunit.al(9,19): warning AL0432: Table 'VPLineasCargaMasivaBen.BPD' is marked for removal. Reason: Replaced by DXR_VPLineasCargaMasivaBen.BPD. Retained for 28.3 data migration.. Tag: 28.3.0.0.
src\Adapters\VP\DXRMCCVPMigrPhase4.Codeunit.al(11,19): warning AL0432: Table 'VPHisCargaMasBeneficiariosBPD' is marked for removal. Reason: Replaced by DXR_VPHisCargaMasBenefBPD. Retained for 28.3 data migration.. Tag: 28.3.0.0.
src\Adapters\VP\DXRMCCVPMigrPhase4.Codeunit.al(13,19): warning AL0432: Table 'VPHisLineasCargaMasBenefBPD' is marked for removal. Reason: Replaced by DXR_VPHisLineaCargaMasBenefBPD. Retained for 28.3 data migration.. Tag: 28.3.0.0.
src\Adapters\VP\DXRMCCVPMigrPhase4.Codeunit.al(15,19): warning AL0432: Table 'VP Hist. Beneficiarios BPD' is marked for removal. Reason: Replaced by DXR_VP Hist. Beneficiarios BPD. Retained for 28.3 data migration.. Tag: 28.3.0.0.
src\Adapters\LSFE\DXRMCCLSFEMigrPOSContingency.Codeunit.al(17,19): warning AL0432: Table 'EF Administration Setup' is marked for removal. Reason: Replaced by table "DXR_Administration Setup". Migrated by codeunit "DXR_Upgrade".. Tag: DXR-EF-Migration-28.1.0.
src\Adapters\LSFE\DXRMCCLSFEMigrPOSContingency.Codeunit.al(19,19): warning AL0432: Table 'LSDXTender Types Relation' is marked for removal. Reason: Replaced by DXR_LS Tender Types Relation. Retained for upgrade compatibility.. Tag: 28.0.0.0.
src\Adapters\LSFE\DXRMCCLSFEMigrPOSContingency.Codeunit.al(21,19): warning AL0432: Table 'EF Process Request' is marked for removal. Reason: Replaced by table "DXR_Process Request". Migrated by codeunit "DXR_Upgrade".. Tag: DXR-EF-Migration-28.1.0.
src\Adapters\LSFE\DXRMCCLSFEMigrPOSContingency.Codeunit.al(23,19): warning AL0432: Table 'EF Resend Document Queue' is marked for removal. Reason: Replaced by table "DXR_Resend Document Queue". Migrated by codeunit "DXR_Upgrade".. Tag: DXR-EF-Migration-28.1.0.
src\Adapters\LSLOC\DXRMCCLSLOCMigrToDXRLS.Codeunit.al(21,19): warning AL0432: Table 'LSDX POS Setup' is marked for removal. Reason: Replaced by DXR_LS POS Setup. Retained for upgrade compatibility.. Tag: 28.0.0.0.
src\Adapters\LSLOC\DXRMCCLSLOCMigrToDXRLS.Codeunit.al(23,19): warning AL0432: Table 'LSDXTender Types Relation' is marked for removal. Reason: Replaced by DXR_LS Tender Types Relation. Retained for upgrade compatibility.. Tag: 28.0.0.0.
src\Adapters\LSLOC\DXRMCCLSLOCMigrToDXRLS.Codeunit.al(25,19): warning AL0432: Table 'LSDX OPOS Print Setup' is marked for removal. Reason: Replaced by DXR_LS OPOS Print Setup. Retained for upgrade compatibility.. Tag: 28.0.0.0.
src\Adapters\LSLOC\DXRMCCLSLOCMigrToDXRLS.Codeunit.al(27,19): warning AL0432: Table 'LSDX POS 607 Diagnostic' is marked for removal. Reason: Replaced by DXR_LS POS 607 Diagnostic. Retained for upgrade compatibility.. Tag: 28.0.0.0.
src\Adapters\LSLOC\DXRMCCLSLOCMigrToDXRLS.Codeunit.al(29,19): warning AL0432: Table 'LSDX LS NCF Process Reg.' is marked for removal. Reason: Replaced by DXR_LS NCF Process Reg.. Retained for upgrade compatibility.. Tag: 28.0.0.0.
src\Adapters\LSFE\DXRMCCLSFEMigrPOSContingency.Codeunit.al(112,29): warning AL0432: Table 'EF Administration Setup' is marked for removal. Reason: Replaced by table "DXR_Administration Setup". Migrated by codeunit "DXR_Upgrade".. Tag: DXR-EF-Migration-28.1.0.
src\Adapters\LSFE\DXRMCCLSFEMigrPOSContingency.Codeunit.al(148,32): warning AL0432: Table 'LSDXTender Types Relation' is marked for removal. Reason: Replaced by DXR_LS Tender Types Relation. Retained for upgrade compatibility.. Tag: 28.0.0.0.
src\Adapters\LSFE\DXRMCCLSFEMigrPOSContingency.Codeunit.al(179,31): warning AL0432: Table 'EF Process Request' is marked for removal. Reason: Replaced by table "DXR_Process Request". Migrated by codeunit "DXR_Upgrade".. Tag: DXR-EF-Migration-28.1.0.
src\Adapters\LSFE\DXRMCCLSFEMigrPOSContingency.Codeunit.al(214,29): warning AL0432: Table 'EF Resend Document Queue' is marked for removal. Reason: Replaced by table "DXR_Resend Document Queue". Migrated by codeunit "DXR_Upgrade".. Tag: DXR-EF-Migration-28.1.0.
src\Adapters\VP\DXRMCCVPMigrPhase5.Codeunit.al(7,19): warning AL0432: Table 'VP Logs' is marked for removal. Reason: Replaced by DXR_VP Logs. Retained for 28.3 data migration.. Tag: 28.3.0.0.
src\Adapters\VP\DXRMCCVPMigrPhase5.Codeunit.al(9,19): warning AL0432: Table 'VP API Log Entry' is marked for removal. Reason: Replaced by DXR_VP API Log Entry. Retained for 28.3 data migration.. Tag: 28.3.0.0.
src\Adapters\VP\DXRMCCVPMigrPhase5.Codeunit.al(11,19): warning AL0432: Table 'VP Response Log' is marked for removal. Reason: Replaced by DXR_VP Response Log. Retained for 28.3 data migration.. Tag: 28.3.0.0.
src\Adapters\VP\DXRMCCVPMigrPhase1.Codeunit.al(12,19): warning AL0432: Table 'VP Setup' is marked for removal. Reason: Replaced by DXR_VP Setup. Retained for 28.3 data migration.. Tag: 28.3.0.0.
src\Adapters\VP\DXRMCCVPMigrPhase1.Codeunit.al(14,19): warning AL0432: Table 'VP Bank' is marked for removal. Reason: Replaced by DXR_VP Bank. Retained for 28.3 data migration.. Tag: 28.3.0.0.
src\Adapters\VP\DXRMCCVPMigrPhase1.Codeunit.al(16,19): warning AL0432: Table 'VP Currency Relation' is marked for removal. Reason: Replaced by DXR_VP Currency Relation. Retained for 28.3 data migration.. Tag: 28.3.0.0.
src\Adapters\VP\DXRMCCVPMigrPhase1.Codeunit.al(18,19): warning AL0432: Table 'VP Provincia' is marked for removal. Reason: Replaced by DXR_VP Provincia. Retained for 28.3 data migration.. Tag: 28.3.0.0.
src\Adapters\VP\DXRMCCVPMigrPhase5.Codeunit.al(31,24): warning AL0432: Table 'VP Response Log' is marked for removal. Reason: Replaced by DXR_VP Response Log. Retained for 28.3 data migration.. Tag: 28.3.0.0.
src\Adapters\LSLOC\DXRMCCLSLOCMigrToDXRLS.Codeunit.al(384,24): warning AL0432: Table 'LSDX POS Setup' is marked for removal. Reason: Replaced by DXR_LS POS Setup. Retained for upgrade compatibility.. Tag: 28.0.0.0.
src\Adapters\LSLOC\DXRMCCLSLOCMigrToDXRLS.Codeunit.al(427,24): warning AL0432: Table 'LSDXTender Types Relation' is marked for removal. Reason: Replaced by DXR_LS Tender Types Relation. Retained for upgrade compatibility.. Tag: 28.0.0.0.
src\Adapters\DRLOC\DXRMCCDRLOCMigrPhase4.Codeunit.al(242,19): warning AL0432: Table 'DXArchived Sales 607' is marked for removal. Reason: Replaced by the DXR-prefixed table for Business Central 28.. Tag: 28.0.
src\Adapters\DRLOC\DXRMCCDRLOCMigrPhase4.Codeunit.al(244,19): warning AL0432: Table 'DXITBIS Sales (607)' is marked for removal. Reason: Replaced by the DXR-prefixed table for Business Central 28.. Tag: 28.0.
src\Adapters\DRLOC\DXRMCCDRLOCMigrPhase4.Codeunit.al(246,19): warning AL0432: Table 'DXConsumer(02) sales(607)' is marked for removal. Reason: Replaced by the DXR-prefixed table for Business Central 28.. Tag: 28.0.
src\Adapters\DRLOC\DXRMCCDRLOCMigrPhase4.Codeunit.al(248,19): warning AL0432: Table 'DXCustomer Withholding Lines' is marked for removal. Reason: The customer withholding module is deprecated.. Tag: 28.0.
src\Adapters\DRLOC\DXRMCCDRLOCMigrPhase4.Codeunit.al(249,19): warning AL0432: Table 'DXR_Customer Withholding Lines' is marked for removal. Reason: The customer withholding module is deprecated.. Tag: 28.0.
src\Adapters\DRLOC\DXRMCCDRLOCMigrPhase4.Codeunit.al(250,19): warning AL0432: Table 'DXCash Journal Receipt List' is marked for removal. Reason: Replaced by the DXR-prefixed table for Business Central 28.. Tag: 28.0.
src\Adapters\LSLOC\DXRMCCLSLOCMigrToDXRLS.Codeunit.al(449,24): warning AL0432: Table 'LSDX OPOS Print Setup' is marked for removal. Reason: Replaced by DXR_LS OPOS Print Setup. Retained for upgrade compatibility.. Tag: 28.0.0.0.
src\Adapters\DRLOC\DXRMCCDRLOCMigrPhase2.Codeunit.al(150,19): warning AL0432: Table 'DXFiscal Receipt Types' is marked for removal. Reason: Replaced by the DXR-prefixed table for Business Central 28.. Tag: 28.0.
src\Adapters\DRLOC\DXRMCCDRLOCMigrPhase2.Codeunit.al(152,19): warning AL0432: Table 'DXNCF Categories' is marked for removal. Reason: Replaced by the DXR-prefixed table for Business Central 28.. Tag: 28.0.
src\Adapters\DRLOC\DXRMCCDRLOCMigrPhase2.Codeunit.al(154,19): warning AL0432: Table 'DXNCF Setup' is marked for removal. Reason: Replaced by the DXR-prefixed table for Business Central 28.. Tag: 28.0.
src\Adapters\DRLOC\DXRMCCDRLOCMigrPhase2.Codeunit.al(156,19): warning AL0432: Table 'DXNCF Purchase Setup' is marked for removal. Reason: Replaced by the DXR-prefixed table for Business Central 28.. Tag: 28.0.
src\Adapters\DRLOC\DXRMCCDRLOCMigrPhase2.Codeunit.al(158,19): warning AL0432: Table 'DXNCF Sales Setup' is marked for removal. Reason: Replaced by the DXR-prefixed table for Business Central 28.. Tag: 28.0.
src\Adapters\DRLOC\DXRMCCDRLOCMigrPhase2.Codeunit.al(160,19): warning AL0432: Table 'DXNAV_POS_Customer' is marked for removal. Reason: Replaced by the DXR-prefixed table for Business Central 28.. Tag: 28.0.
src\Adapters\DRLOC\DXRMCCDRLOCMigrPhase2.Codeunit.al(162,19): warning AL0432: Table 'DXExtract Cards' is marked for removal. Reason: Replaced by the DXR-prefixed table for Business Central 28.. Tag: 28.0.
src\Adapters\DRLOC\DXRMCCDRLOCMigrPhase2.Codeunit.al(164,19): warning AL0432: Table 'DXGubernamentales(623)' is marked for removal. Reason: Replaced by the DXR-prefixed table for Business Central 28.. Tag: 28.0.
src\Adapters\DRLOC\DXRMCCDRLOCMigrPhase2.Codeunit.al(169,19): warning AL0432: Table 'DXPayment Methods 606-607' is marked for removal. Reason: Replaced by the DXR-prefixed table for Business Central 28.. Tag: 28.0.
src\Adapters\DRLOC\DXRMCCDRLOCMigrPhase2.Codeunit.al(171,19): warning AL0432: Table 'DXPurchase Type Relation' is marked for removal. Reason: Obsolete in 25.5.0.136 replaced by Table 54167 - 36002832 "DX Purchase Type Relation".
src\Adapters\DRLOC\DXRMCCDRLOCMigrPhase2.Codeunit.al(173,19): warning AL0432: Table 'DXTender Types Relation' is marked for removal. Reason: Replaced by the DXR-prefixed table for Business Central 28.. Tag: 28.0.
src\Adapters\DRLOC\DXRMCCDRLOCMigrPhase2.Codeunit.al(175,19): warning AL0432: Table 'DXIncome Types Setup' is marked for removal. Reason: Replaced by the DXR-prefixed table for Business Central 28.. Tag: 28.0.
src\Adapters\DRLOC\DXRMCCDRLOCMigrPhase2.Codeunit.al(177,19): warning AL0432: Table 'DXISR withholding Type' is marked for removal. Reason: Replaced by the DXR-prefixed table for Business Central 28.. Tag: 28.0.
src\Adapters\DRLOC\DXRMCCDRLOCMigrPhase2.Codeunit.al(179,19): warning AL0432: Table 'DXType of Income' is marked for removal. Reason: Replaced by the DXR-prefixed table for Business Central 28.. Tag: 28.0.
src\Adapters\DRLOC\DXRMCCDRLOCMigrPhase2.Codeunit.al(181,19): warning AL0432: Table 'DXCustomer Withholding Setup' is marked for removal. Reason: The customer withholding module is deprecated.. Tag: 28.0.
src\Adapters\DRLOC\DXRMCCDRLOCMigrPhase2.Codeunit.al(182,19): warning AL0432: Table 'DXR_Customer Withholding Setup' is marked for removal. Reason: The customer withholding module is deprecated.. Tag: 28.0.
src\Adapters\DRLOC\DXRMCCDRLOCMigrPhase2.Codeunit.al(183,19): warning AL0432: Table 'DXVendor Withholding Setup' is marked for removal. Reason: Replaced by the DXR-prefixed table for Business Central 28.. Tag: 28.0.
src\Adapters\DRLOC\DXRMCCDRLOCMigrPhase2.Codeunit.al(185,19): warning AL0432: Table 'DXProporcionality 606' is marked for removal. Reason: Replaced by the DXR-prefixed table for Business Central 28.. Tag: 28.0.
src\Adapters\DRLOC\DXRMCCDRLOCMigrPhase2.Codeunit.al(187,19): warning AL0432: Table 'DXProporcionality Group 606' is marked for removal. Reason: Replaced by the DXR-prefixed table for Business Central 28.. Tag: 28.0.
src\Adapters\DRLOC\DXRMCCDRLOCMigrPhase2.Codeunit.al(189,19): warning AL0432: Table 'DXPOS-Nav Setup' is marked for removal. Reason: Replaced by the DXR-prefixed table for Business Central 28.. Tag: 28.0.
src\Adapters\FE\DXRMCCFEMigrPhase7.Codeunit.al(31,19): warning AL0432: Table 'DXNCF Purchase Setup' is marked for removal. Reason: Replaced by the DXR-prefixed table for Business Central 28.. Tag: 28.0.
src\Adapters\FE\DXRMCCFEMigrPhase7.Codeunit.al(33,19): warning AL0432: Table 'DXNCF Sales Setup' is marked for removal. Reason: Replaced by the DXR-prefixed table for Business Central 28.. Tag: 28.0.
src\Adapters\FE\DXRMCCFEMigrPhase7.Codeunit.al(35,19): warning AL0432: Table 'DXNCF Setup' is marked for removal. Reason: Replaced by the DXR-prefixed table for Business Central 28.. Tag: 28.0.
src\Adapters\FE\DXRMCCFEMigrPhase7.Codeunit.al(37,19): warning AL0432: Table 'DXPayment Method Relation' is marked for removal. Reason: Replaced by the DXR-prefixed table for Business Central 28.. Tag: 28.0.
src\Adapters\VP\DXRMCCVPMigrPhase1.Codeunit.al(164,29): warning AL0432: Table 'VP Setup' is marked for removal. Reason: Replaced by DXR_VP Setup. Retained for 28.3 data migration.. Tag: 28.3.0.0.
src\Adapters\FE\DXRMCCFEMigrPhase11.Codeunit.al(47,19): warning AL0432: Table 'EF Administration Setup' is marked for removal. Reason: Replaced by table "DXR_Administration Setup". Migrated by codeunit "DXR_Upgrade".. Tag: DXR-EF-Migration-28.1.0.
src\Adapters\FE\DXRMCCFEMigrPhase11.Codeunit.al(48,19): warning AL0432: Table 'EF Currency Type' is marked for removal. Reason: Replaced by table "DXR_Currency Type". Migrated by codeunit "DXR_Upgrade".. Tag: DXR-EF-Migration-28.1.0.
src\Adapters\FE\DXRMCCFEMigrPhase11.Codeunit.al(49,19): warning AL0432: Table 'EF Formas de Pago' is marked for removal. Reason: Replaced by table "DXR_Formas de Pago". Migrated by codeunit "DXR_Upgrade".. Tag: DXR-EF-Migration-28.1.0.
src\Adapters\FE\DXRMCCFEMigrPhase11.Codeunit.al(50,19): warning AL0432: Table 'EF Form Type' is marked for removal. Reason: Replaced by table "DXR_Form Type". Migrated by codeunit "DXR_Upgrade".. Tag: DXR-EF-Migration-28.1.0.
src\Adapters\FE\DXRMCCFEMigrPhase11.Codeunit.al(51,19): warning AL0432: Table 'EF Income Validation Type' is marked for removal. Reason: Replaced by table "DXR_Income Validation Type". Migrated by codeunit "DXR_Upgrade".. Tag: DXR-EF-Migration-28.1.0.
src\Adapters\FE\DXRMCCFEMigrPhase11.Codeunit.al(52,19): warning AL0432: Table 'EF Modification Code Type' is marked for removal. Reason: Replaced by table "DXR_Modification Code Type". Migrated by codeunit "DXR_Upgrade".. Tag: DXR-EF-Migration-28.1.0.
src\Adapters\FE\DXRMCCFEMigrPhase11.Codeunit.al(53,19): warning AL0432: Table 'EF Paginacion' is marked for removal. Reason: Replaced by table "DXR_Paginacion". Migrated by codeunit "DXR_Upgrade".. Tag: DXR-EF-Migration-28.1.0.
src\Adapters\FE\DXRMCCFEMigrPhase11.Codeunit.al(54,19): warning AL0432: Table 'EF Payment Type Form' is marked for removal. Reason: Replaced by table "DXR_Payment Type Form". Migrated by codeunit "DXR_Upgrade".. Tag: DXR-EF-Migration-28.1.0.
src\Adapters\FE\DXRMCCFEMigrPhase11.Codeunit.al(55,19): warning AL0432: Table 'EF Tax Coding Type' is marked for removal. Reason: Replaced by table "DXR_Tax Coding Type". Migrated by codeunit "DXR_Upgrade".. Tag: DXR-EF-Migration-28.1.0.
src\Adapters\FE\DXRMCCFEMigrPhase11.Codeunit.al(56,19): warning AL0432: Table 'EF Telefono Emisor' is marked for removal. Reason: Replaced by table "DXR_Telefono Emisor". Migrated by codeunit "DXR_Upgrade".. Tag: DXR-EF-Migration-28.1.0.
src\Adapters\FE\DXRMCCFEMigrPhase11.Codeunit.al(57,19): warning AL0432: Table 'EF Township' is marked for removal. Reason: Replaced by table "DXR_Township". Migrated by codeunit "DXR_Upgrade".. Tag: DXR-EF-Migration-28.1.0.
src\Adapters\FE\DXRMCCFEMigrPhase11.Codeunit.al(58,19): warning AL0432: Table 'EF Unit of Measure Type' is marked for removal. Reason: Replaced by table "DXR_Unit of Measure Type". Migrated by codeunit "DXR_Upgrade".. Tag: DXR-EF-Migration-28.1.0.
src\Adapters\VP\DXRMCCVPMigrPhase1.Codeunit.al(249,32): warning AL0432: Table 'VP Currency Relation' is marked for removal. Reason: Replaced by DXR_VP Currency Relation. Retained for 28.3 data migration.. Tag: 28.3.0.0.
src\Adapters\DRLOC\DXRMCCDRLOCMigrPhase2.Codeunit.al(771,39): warning AL0432: Table 'DXFiscal Receipt Types' is marked for removal. Reason: Replaced by the DXR-prefixed table for Business Central 28.. Tag: 28.0.
src\Adapters\FE\DXRMCCFEMigrPhase7.Codeunit.al(150,29): warning AL0432: Table 'DXNCF Purchase Setup' is marked for removal. Reason: Replaced by the DXR-prefixed table for Business Central 28.. Tag: 28.0.
src\Adapters\DRLOC\DXRMCCDRLOCMigrPhase2.Codeunit.al(788,34): warning AL0432: Table 'DXNCF Categories' is marked for removal. Reason: Replaced by the DXR-prefixed table for Business Central 28.. Tag: 28.0.
src\Adapters\VP\DXRMCCVPMigrPhase1.Codeunit.al(286,33): warning AL0432: Table 'VP Provincia' is marked for removal. Reason: Replaced by DXR_VP Provincia. Retained for 28.3 data migration.. Tag: 28.3.0.0.
src\Adapters\DRLOC\DXRMCCDRLOCMigrPhase4.Codeunit.al(584,24): warning AL0432: Table 'DXArchived Sales 607' is marked for removal. Reason: Replaced by the DXR-prefixed table for Business Central 28.. Tag: 28.0.
src\Adapters\DRLOC\DXRMCCDRLOCMigrPhase2.Codeunit.al(807,29): warning AL0432: Table 'DXNCF Setup' is marked for removal. Reason: Replaced by the DXR-prefixed table for Business Central 28.. Tag: 28.0.
src\Adapters\FE\DXRMCCFEMigrPhase11.Codeunit.al(201,24): warning AL0432: Table 'EF Administration Setup' is marked for removal. Reason: Replaced by table "DXR_Administration Setup". Migrated by codeunit "DXR_Upgrade".. Tag: DXR-EF-Migration-28.1.0.
src\Adapters\DRLOC\DXRMCCDRLOCMigrPhase2.Codeunit.al(926,37): warning AL0432: Table 'DXNCF Purchase Setup' is marked for removal. Reason: Replaced by the DXR-prefixed table for Business Central 28.. Tag: 28.0.
src\Adapters\DRLOC\DXRMCCDRLOCMigrPhase2.Codeunit.al(949,34): warning AL0432: Table 'DXNCF Sales Setup' is marked for removal. Reason: Replaced by the DXR-prefixed table for Business Central 28.. Tag: 28.0.
src\Adapters\LSLOC\DXRMCCLSLOCMigrDepFields.Codeunit.al(30,19): warning AL0432: Table 'DXArchived Consumer Sales 607' is marked for removal. Reason: Replaced by the DXR-prefixed table for Business Central 28.. Tag: 28.0.
src\Adapters\LSLOC\DXRMCCLSLOCMigrDepFields.Codeunit.al(32,19): warning AL0432: Table 'DX Consumer Sales 607 Buffer' is marked for removal. Reason: Replaced by the DXR-prefixed table for Business Central 28.. Tag: 28.0.
src\Adapters\LSLOC\DXRMCCLSLOCMigrDepFields.Codeunit.al(34,19): warning AL0432: Table 'DX Report Sales 607 Buffer' is marked for removal. Reason: Replaced by the DXR-prefixed table for Business Central 28.. Tag: 28.0.
src\Adapters\LSLOC\DXRMCCLSLOCMigrDepFields.Codeunit.al(36,19): warning AL0432: Table 'DXArchived Sales 607' is marked for removal. Reason: Replaced by the DXR-prefixed table for Business Central 28.. Tag: 28.0.
src\Adapters\LSLOC\DXRMCCLSLOCMigrDepFields.Codeunit.al(38,19): warning AL0432: Table 'DXGaps Setup' is marked for removal. Reason: Replaced by the DXR-prefixed table for Business Central 28.. Tag: 28.0.
src\Adapters\LSLOC\DXRMCCLSLOCMigrDepFields.Codeunit.al(40,19): warning AL0432: Table 'DXNCF Setup' is marked for removal. Reason: Replaced by the DXR-prefixed table for Business Central 28.. Tag: 28.0.
src\Adapters\LSLOC\DXRMCCLSLOCMigrDepFields.Codeunit.al(42,19): warning AL0432: Table 'DXNCF Sales Setup' is marked for removal. Reason: Replaced by the DXR-prefixed table for Business Central 28.. Tag: 28.0.
src\Adapters\FE\DXRMCCFEMigrPhase7.Codeunit.al(173,29): warning AL0432: Table 'DXNCF Sales Setup' is marked for removal. Reason: Replaced by the DXR-prefixed table for Business Central 28.. Tag: 28.0.
src\Adapters\FE\DXRMCCFEMigrPhase11.Codeunit.al(292,24): warning AL0432: Table 'EF Currency Type' is marked for removal. Reason: Replaced by table "DXR_Currency Type". Migrated by codeunit "DXR_Upgrade".. Tag: DXR-EF-Migration-28.1.0.
src\Adapters\DRLOC\DXRMCCDRLOCMigrPhase4.Codeunit.al(674,24): warning AL0432: Table 'DXITBIS Sales (607)' is marked for removal. Reason: Replaced by the DXR-prefixed table for Business Central 28.. Tag: 28.0.
src\Adapters\FE\DXRMCCFEMigrPhase11.Codeunit.al(312,24): warning AL0432: Table 'EF Formas de Pago' is marked for removal. Reason: Replaced by table "DXR_Formas de Pago". Migrated by codeunit "DXR_Upgrade".. Tag: DXR-EF-Migration-28.1.0.
src\Adapters\DRLOC\DXRMCCDRLOCMigrPhase2.Codeunit.al(1082,35): warning AL0432: Table 'DXNAV_POS_Customer' is marked for removal. Reason: Replaced by the DXR-prefixed table for Business Central 28.. Tag: 28.0.
src\Adapters\LSLOC\DXRMCCLSLOCMigrDepFields.Codeunit.al(93,24): warning AL0432: Table 'DX Report Sales 607 Buffer' is marked for removal. Reason: Replaced by the DXR-prefixed table for Business Central 28.. Tag: 28.0.
src\Adapters\DRLOC\DXRMCCDRLOCMigrPhase2.Codeunit.al(1129,33): warning AL0432: Table 'DXExtract Cards' is marked for removal. Reason: Replaced by the DXR-prefixed table for Business Central 28.. Tag: 28.0.
src\Adapters\DRLOC\DXRMCCDRLOCMigrPhase4.Codeunit.al(739,24): warning AL0432: Table 'DXConsumer(02) sales(607)' is marked for removal. Reason: Replaced by the DXR-prefixed table for Business Central 28.. Tag: 28.0.
src\Adapters\FE\DXRMCCFEMigrPhase7.Codeunit.al(195,29): warning AL0432: Table 'DXNCF Setup' is marked for removal. Reason: Replaced by the DXR-prefixed table for Business Central 28.. Tag: 28.0.
src\Adapters\FE\DXRMCCFEMigrPhase11.Codeunit.al(337,24): warning AL0432: Table 'EF Form Type' is marked for removal. Reason: Replaced by table "DXR_Form Type". Migrated by codeunit "DXR_Upgrade".. Tag: DXR-EF-Migration-28.1.0.
src\Adapters\DRLOC\DXRMCCDRLOCMigrPhase2.Codeunit.al(1170,39): warning AL0432: Table 'DXGubernamentales(623)' is marked for removal. Reason: Replaced by the DXR-prefixed table for Business Central 28.. Tag: 28.0.
src\Adapters\LSLOC\DXRMCCLSLOCMigrDepFields.Codeunit.al(117,24): warning AL0432: Table 'DXArchived Sales 607' is marked for removal. Reason: Replaced by the DXR-prefixed table for Business Central 28.. Tag: 28.0.
src\Adapters\DRLOC\DXRMCCDRLOCMigrPhase2.Codeunit.al(1319,41): warning AL0432: Table 'DXPayment Methods 606-607' is marked for removal. Reason: Replaced by the DXR-prefixed table for Business Central 28.. Tag: 28.0.
src\Adapters\LSLOC\DXRMCCLSLOCMigrDepFields.Codeunit.al(141,24): warning AL0432: Table 'DXArchived Consumer Sales 607' is marked for removal. Reason: Replaced by the DXR-prefixed table for Business Central 28.. Tag: 28.0.
src\Adapters\FE\DXRMCCFEMigrPhase11.Codeunit.al(362,24): warning AL0432: Table 'EF Income Validation Type' is marked for removal. Reason: Replaced by table "DXR_Income Validation Type". Migrated by codeunit "DXR_Upgrade".. Tag: DXR-EF-Migration-28.1.0.
src\Adapters\DRLOC\DXRMCCDRLOCMigrPhase2.Codeunit.al(1351,41): warning AL0432: Table 'DXPurchase Type Relation' is marked for removal. Reason: Obsolete in 25.5.0.136 replaced by Table 54167 - 36002832 "DX Purchase Type Relation".
src\Adapters\LSLOC\DXRMCCLSLOCMigrDepFields.Codeunit.al(158,24): warning AL0432: Table 'DX Consumer Sales 607 Buffer' is marked for removal. Reason: Replaced by the DXR-prefixed table for Business Central 28.. Tag: 28.0.
src\Adapters\DRLOC\DXRMCCDRLOCMigrPhase4.Codeunit.al(803,24): warning AL0432: Table 'DXCustomer Withholding Lines' is marked for removal. Reason: The customer withholding module is deprecated.. Tag: 28.0.
src\Adapters\DRLOC\DXRMCCDRLOCMigrPhase2.Codeunit.al(1371,40): warning AL0432: Table 'DXTender Types Relation' is marked for removal. Reason: Replaced by the DXR-prefixed table for Business Central 28.. Tag: 28.0.
src\Adapters\FE\DXRMCCFEMigrPhase7.Codeunit.al(220,32): warning AL0432: Table 'DXPayment Method Relation' is marked for removal. Reason: Replaced by the DXR-prefixed table for Business Central 28.. Tag: 28.0.
src\Adapters\LSLOC\DXRMCCLSLOCMigrDepFields.Codeunit.al(175,24): warning AL0432: Table 'DXGaps Setup' is marked for removal. Reason: Replaced by the DXR-prefixed table for Business Central 28.. Tag: 28.0.
src\Adapters\DRLOC\DXRMCCDRLOCMigrPhase4.Codeunit.al(804,24): warning AL0432: Table 'DXR_Customer Withholding Lines' is marked for removal. Reason: The customer withholding module is deprecated.. Tag: 28.0.
src\Adapters\DRLOC\DXRMCCDRLOCMigrPhase2.Codeunit.al(1391,37): warning AL0432: Table 'DXIncome Types Setup' is marked for removal. Reason: Replaced by the DXR-prefixed table for Business Central 28.. Tag: 28.0.
src\Adapters\FE\DXRMCCFEMigrPhase11.Codeunit.al(382,24): warning AL0432: Table 'EF Modification Code Type' is marked for removal. Reason: Replaced by table "DXR_Modification Code Type". Migrated by codeunit "DXR_Upgrade".. Tag: DXR-EF-Migration-28.1.0.
src\Adapters\LSLOC\DXRMCCLSLOCMigrDepFields.Codeunit.al(202,24): warning AL0432: Table 'DXNCF Setup' is marked for removal. Reason: Replaced by the DXR-prefixed table for Business Central 28.. Tag: 28.0.
src\Adapters\DRLOC\DXRMCCDRLOCMigrPhase2.Codeunit.al(1408,39): warning AL0432: Table 'DXISR withholding Type' is marked for removal. Reason: Replaced by the DXR-prefixed table for Business Central 28.. Tag: 28.0.
src\Adapters\LSLOC\DXRMCCLSLOCMigrDepFields.Codeunit.al(219,24): warning AL0432: Table 'DXNCF Sales Setup' is marked for removal. Reason: Replaced by the DXR-prefixed table for Business Central 28.. Tag: 28.0.
src\Adapters\DRLOC\DXRMCCDRLOCMigrPhase4.Codeunit.al(844,24): warning AL0432: Table 'DXCash Journal Receipt List' is marked for removal. Reason: Replaced by the DXR-prefixed table for Business Central 28.. Tag: 28.0.
src\Adapters\FE\DXRMCCFEMigrPhase11.Codeunit.al(404,24): warning AL0432: Table 'EF Paginacion' is marked for removal. Reason: Replaced by table "DXR_Paginacion". Migrated by codeunit "DXR_Upgrade".. Tag: DXR-EF-Migration-28.1.0.
src\Adapters\DRLOC\DXRMCCDRLOCMigrPhase2.Codeunit.al(1429,33): warning AL0432: Table 'DXType of Income' is marked for removal. Reason: Replaced by the DXR-prefixed table for Business Central 28.. Tag: 28.0.
src\Adapters\VP\DXRMCCVPMigrPhase2.Codeunit.al(7,19): warning AL0432: Table 'VP Payload Header' is marked for removal. Reason: Replaced by DXR_VP Payload Header. Retained for 28.3 data migration.. Tag: 28.3.0.0.
src\Adapters\VP\DXRMCCVPMigrPhase2.Codeunit.al(9,19): warning AL0432: Table 'VP Payload Journal Lines' is marked for removal. Reason: Replaced by DXR_VP Payload Journal Lines. Retained for 28.3 data migration.. Tag: 28.3.0.0.
src\Adapters\VP\DXRMCCVPMigrPhase2.Codeunit.al(11,19): warning AL0432: Table 'VP VendorPay Group' is marked for removal. Reason: Replaced by DXR_VP VendorPay Group. Retained for 28.3 data migration.. Tag: 28.3.0.0.
src\Adapters\VP\DXRMCCVPMigrPhase2.Codeunit.al(13,19): warning AL0432: Table 'VP Jounal Bank Account' is marked for removal. Reason: Replaced by DXR_VP Jounal Bank Account. Retained for 28.3 data migration.. Tag: 28.3.0.0.
src\Adapters\VP\DXRMCCVPMigrPhase2.Codeunit.al(15,19): warning AL0432: Table 'VP Order Item Status' is marked for removal. Reason: Replaced by DXR_VP Order Item Status. Retained for 28.3 data migration.. Tag: 28.3.0.0.
src\Adapters\VP\DXRMCCVPMigrPhase2.Codeunit.al(17,19): warning AL0432: Table 'VP Order Status Log' is marked for removal. Reason: Replaced by DXR_VP Order Status Log. Retained for 28.3 data migration.. Tag: 28.3.0.0.
src\Adapters\VP\DXRMCCVPMigrPhase2.Codeunit.al(19,19): warning AL0432: Table 'VPOrderNoRelPayment' is marked for removal. Reason: Replaced by DXR_VPOrderNoRelPayment. Retained for 28.3 data migration.. Tag: 28.3.0.0.
src\Adapters\DRLOC\DXRMCCDRLOCMigrPhase2.Codeunit.al(1449,45): warning AL0432: Table 'DXCustomer Withholding Setup' is marked for removal. Reason: The customer withholding module is deprecated.. Tag: 28.0.
src\Adapters\DRLOC\DXRMCCDRLOCMigrPhase2.Codeunit.al(1450,45): warning AL0432: Table 'DXR_Customer Withholding Setup' is marked for removal. Reason: The customer withholding module is deprecated.. Tag: 28.0.
src\Adapters\DRLOC\DXRMCCDRLOCMigrPhase2.Codeunit.al(1475,43): warning AL0432: Table 'DXVendor Withholding Setup' is marked for removal. Reason: Replaced by the DXR-prefixed table for Business Central 28.. Tag: 28.0.
src\Adapters\VP\DXRMCCVPMigrPhase7.Codeunit.al(10,19): warning AL0432: Table 'DXR_VP Setup_Old' is marked for removal. Reason: Superseded by table 52684 "DXR_VP Setup" after the 51801-54999 global ID renumbering (this was a direct ID change on the live SaaS table, not a safe rename); restored here at the original ID/structure so publish does not attempt to remove this table. Retained for the ID-cutover data migration.. Tag: 28.3.1.0.
src\Adapters\VP\DXRMCCVPMigrPhase7.Codeunit.al(12,19): warning AL0432: Table 'DXR_VP Payload Header_Old' is marked for removal. Reason: Superseded by table 52687 "DXR_VP Payload Header" after the 51801-54999 global ID renumbering (this was a direct ID change on the live SaaS table, not a safe rename); restored here at the original ID/structure so publish does not attempt to remove this table. Retained for the ID-cutover data migration.. Tag: 28.3.1.0.
src\Adapters\VP\DXRMCCVPMigrPhase7.Codeunit.al(14,19): warning AL0432: Table 'DXR_VP Payload Journal Lin_Old' is marked for removal. Reason: Superseded by table 52689 "DXR_VP Payload Journal Lines" after the 51801-54999 global ID renumbering (this was a direct ID change on the live SaaS table, not a safe rename); restored here at the original ID/structure so publish does not attempt to remove this table. Retained for the ID-cutover data migration.. Tag: 28.3.1.0.
src\Adapters\VP\DXRMCCVPMigrPhase7.Codeunit.al(16,19): warning AL0432: Table 'DXR_VP VendorPay Group_Old' is marked for removal. Reason: Superseded by table 52691 "DXR_VP VendorPay Group" after the 51801-54999 global ID renumbering (this was a direct ID change on the live SaaS table, not a safe rename); restored here at the original ID/structure so publish does not attempt to remove this table. Retained for the ID-cutover data migration.. Tag: 28.3.1.0.
src\Adapters\VP\DXRMCCVPMigrPhase7.Codeunit.al(18,19): warning AL0432: Table 'DXR_VP Historic Payload He_Old' is marked for removal. Reason: Superseded by table 52693 "DXR_VP Historic Payload Header" after the 51801-54999 global ID renumbering (this was a direct ID change on the live SaaS table, not a safe rename); restored here at the original ID/structure so publish does not attempt to remove this table. Retained for the ID-cutover data migration.. Tag: 28.3.1.0.
src\Adapters\VP\DXRMCCVPMigrPhase7.Codeunit.al(20,19): warning AL0432: Table 'DXR_VP Historic Payload Li_Old' is marked for removal. Reason: Superseded by table 52695 "DXR_VP Historic Payload Lines" after the 51801-54999 global ID renumbering (this was a direct ID change on the live SaaS table, not a safe rename); restored here at the original ID/structure so publish does not attempt to remove this table. Retained for the ID-cutover data migration.. Tag: 28.3.1.0.
src\Adapters\VP\DXRMCCVPMigrPhase7.Codeunit.al(22,19): warning AL0432: Table 'DXR_VP Hist VendorPay Grou_Old' is marked for removal. Reason: Superseded by table 52697 "DXR_VP Hist VendorPay Group" after the 51801-54999 global ID renumbering (this was a direct ID change on the live SaaS table, not a safe rename); restored here at the original ID/structure so publish does not attempt to remove this table. Retained for the ID-cutover data migration.. Tag: 28.3.1.0.
src\Adapters\VP\DXRMCCVPMigrPhase7.Codeunit.al(24,19): warning AL0432: Table 'DXR_VP Logs_Old' is marked for removal. Reason: Superseded by table 52699 "DXR_VP Logs" after the 51801-54999 global ID renumbering (this was a direct ID change on the live SaaS table, not a safe rename); restored here at the original ID/structure so publish does not attempt to remove this table. Retained for the ID-cutover data migration.. Tag: 28.3.1.0.
src\Adapters\VP\DXRMCCVPMigrPhase7.Codeunit.al(26,19): warning AL0432: Table 'DXR_VP Jounal Bank Account_Old' is marked for removal. Reason: Superseded by table 52701 "DXR_VP Jounal Bank Account" after the 51801-54999 global ID renumbering (this was a direct ID change on the live SaaS table, not a safe rename); restored here at the original ID/structure so publish does not attempt to remove this table. Retained for the ID-cutover data migration.. Tag: 28.3.1.0.
src\Adapters\VP\DXRMCCVPMigrPhase7.Codeunit.al(28,19): warning AL0432: Table 'DXR_VP Order Item Status_Old' is marked for removal. Reason: Superseded by table 52703 "DXR_VP Order Item Status" after the 51801-54999 global ID renumbering (this was a direct ID change on the live SaaS table, not a safe rename); restored here at the original ID/structure so publish does not attempt to remove this table. Retained for the ID-cutover data migration.. Tag: 28.3.1.0.
src\Adapters\VP\DXRMCCVPMigrPhase7.Codeunit.al(30,19): warning AL0432: Table 'DXR_VP Order Status Log_Old' is marked for removal. Reason: Superseded by table 52705 "DXR_VP Order Status Log" after the 51801-54999 global ID renumbering (this was a direct ID change on the live SaaS table, not a safe rename); restored here at the original ID/structure so publish does not attempt to remove this table. Retained for the ID-cutover data migration.. Tag: 28.3.1.0.
src\Adapters\VP\DXRMCCVPMigrPhase7.Codeunit.al(32,19): warning AL0432: Table 'DXR_VP Bank_Old' is marked for removal. Reason: Superseded by table 52706 "DXR_VP Bank" after the 51801-54999 global ID renumbering (this was a direct ID change on the live SaaS table, not a safe rename); restored here at the original ID/structure so publish does not attempt to remove this table. Retained for the ID-cutover data migration.. Tag: 28.3.1.0.
src\Adapters\VP\DXRMCCVPMigrPhase7.Codeunit.al(34,19): warning AL0432: Table 'DXR_VP Currency Relation_Old' is marked for removal. Reason: Superseded by table 52707 "DXR_VP Currency Relation" after the 51801-54999 global ID renumbering (this was a direct ID change on the live SaaS table, not a safe rename); restored here at the original ID/structure so publish does not attempt to remove this table. Retained for the ID-cutover data migration.. Tag: 28.3.1.0.
src\Adapters\VP\DXRMCCVPMigrPhase7.Codeunit.al(36,19): warning AL0432: Table 'DXR_VPCargaMasBeneficiario_Old' is marked for removal. Reason: Superseded by table 52708 "DXR_VPCargaMasBeneficiariosBPD" after the 51801-54999 global ID renumbering (this was a direct ID change on the live SaaS table, not a safe rename); restored here at the original ID/structure so publish does not attempt to remove this table. Retained for the ID-cutover data migration.. Tag: 28.3.1.0.
src\Adapters\VP\DXRMCCVPMigrPhase7.Codeunit.al(38,19): warning AL0432: Table 'DXR_VPHisCargaMasBenefBPD_Old' is marked for removal. Reason: Superseded by table 52709 "DXR_VPHisCargaMasBenefBPD" after the 51801-54999 global ID renumbering (this was a direct ID change on the live SaaS table, not a safe rename); restored here at the original ID/structure so publish does not attempt to remove this table. Retained for the ID-cutover data migration.. Tag: 28.3.1.0.
src\Adapters\VP\DXRMCCVPMigrPhase7.Codeunit.al(40,19): warning AL0432: Table 'DXR_VPHisLineaCargaMasBene_Old' is marked for removal. Reason: Superseded by table 52710 "DXR_VPHisLineaCargaMasBenefBPD" after the 51801-54999 global ID renumbering (this was a direct ID change on the live SaaS table, not a safe rename); restored here at the original ID/structure so publish does not attempt to remove this table. Retained for the ID-cutover data migration.. Tag: 28.3.1.0.
src\Adapters\VP\DXRMCCVPMigrPhase7.Codeunit.al(42,19): warning AL0432: Table 'DXR_VP Hist. Beneficiarios_Old' is marked for removal. Reason: Superseded by table 52711 "DXR_VP Hist. Beneficiarios BPD" after the 51801-54999 global ID renumbering (this was a direct ID change on the live SaaS table, not a safe rename); restored here at the original ID/structure so publish does not attempt to remove this table. Retained for the ID-cutover data migration.. Tag: 28.3.1.0.
src\Adapters\VP\DXRMCCVPMigrPhase7.Codeunit.al(44,19): warning AL0432: Table 'DXR_VPLineasCargaMasivaBen_Old' is marked for removal. Reason: Superseded by table 52712 "DXR_VPLineasCargaMasivaBen.BPD" after the 51801-54999 global ID renumbering (this was a direct ID change on the live SaaS table, not a safe rename); restored here at the original ID/structure so publish does not attempt to remove this table. Retained for the ID-cutover data migration.. Tag: 28.3.1.0.
src\Adapters\VP\DXRMCCVPMigrPhase7.Codeunit.al(46,19): warning AL0432: Table 'DXR_VP Provincia_Old' is marked for removal. Reason: Superseded by table 52713 "DXR_VP Provincia" after the 51801-54999 global ID renumbering (this was a direct ID change on the live SaaS table, not a safe rename); restored here at the original ID/structure so publish does not attempt to remove this table. Retained for the ID-cutover data migration.. Tag: 28.3.1.0.
src\Adapters\VP\DXRMCCVPMigrPhase7.Codeunit.al(48,19): warning AL0432: Table 'DXR_VP API Log Entry_Old' is marked for removal. Reason: Superseded by table 52714 "DXR_VP API Log Entry" after the 51801-54999 global ID renumbering (this was a direct ID change on the live SaaS table, not a safe rename); restored here at the original ID/structure so publish does not attempt to remove this table. Retained for the ID-cutover data migration.. Tag: 28.3.1.0.
src\Adapters\VP\DXRMCCVPMigrPhase7.Codeunit.al(50,19): warning AL0432: Table 'DXR_VPOrderNoRelPayment_Old' is marked for removal. Reason: Superseded by table 52715 "DXR_VPOrderNoRelPayment" after the 51801-54999 global ID renumbering (this was a direct ID change on the live SaaS table, not a safe rename); restored here at the original ID/structure so publish does not attempt to remove this table. Retained for the ID-cutover data migration.. Tag: 28.3.1.0.
src\Adapters\VP\DXRMCCVPMigrPhase7.Codeunit.al(52,19): warning AL0432: Table 'DXR_VP Response Log_Old' is marked for removal. Reason: Superseded by table 52716 "DXR_VP Response Log" after the 51801-54999 global ID renumbering (this was a direct ID change on the live SaaS table, not a safe rename); restored here at the original ID/structure so publish does not attempt to remove this table. Retained for the ID-cutover data migration.. Tag: 28.3.1.0.
src\Adapters\FE\DXRMCCFEMigrPhase11.Codeunit.al(441,24): warning AL0432: Table 'EF Payment Type Form' is marked for removal. Reason: Replaced by table "DXR_Payment Type Form". Migrated by codeunit "DXR_Upgrade".. Tag: DXR-EF-Migration-28.1.0.
src\Adapters\DRLOC\DXRMCCDRLOCMigrPhase2.Codeunit.al(1500,39): warning AL0432: Table 'DXProporcionality 606' is marked for removal. Reason: Replaced by the DXR-prefixed table for Business Central 28.. Tag: 28.0.
src\Adapters\DRLOC\DXRMCCDRLOCMigrPhase2.Codeunit.al(1521,44): warning AL0432: Table 'DXProporcionality Group 606' is marked for removal. Reason: Replaced by the DXR-prefixed table for Business Central 28.. Tag: 28.0.
src\Adapters\DRLOC\DXRMCCDRLOCMigrPhase2.Codeunit.al(1538,32): warning AL0432: Table 'DXPOS-Nav Setup' is marked for removal. Reason: Replaced by the DXR-prefixed table for Business Central 28.. Tag: 28.0.
src\Adapters\FE\DXRMCCFEMigrPhase11.Codeunit.al(461,24): warning AL0432: Table 'EF Tax Coding Type' is marked for removal. Reason: Replaced by table "DXR_Tax Coding Type". Migrated by codeunit "DXR_Upgrade".. Tag: DXR-EF-Migration-28.1.0.
src\Adapters\VP\DXRMCCVPMigrPhase2.Codeunit.al(66,24): warning AL0432: Table 'VP VendorPay Group' is marked for removal. Reason: Replaced by DXR_VP VendorPay Group. Retained for 28.3 data migration.. Tag: 28.3.0.0.
src\Adapters\FE\DXRMCCFEMigrPhase11.Codeunit.al(481,24): warning AL0432: Table 'EF Telefono Emisor' is marked for removal. Reason: Replaced by table "DXR_Telefono Emisor". Migrated by codeunit "DXR_Upgrade".. Tag: DXR-EF-Migration-28.1.0.
src\Adapters\FE\DXRMCCFEMigrPhase11.Codeunit.al(503,24): warning AL0432: Table 'EF Township' is marked for removal. Reason: Replaced by table "DXR_Township". Migrated by codeunit "DXR_Upgrade".. Tag: DXR-EF-Migration-28.1.0.
src\Adapters\FE\DXRMCCFEMigrPhase11.Codeunit.al(527,24): warning AL0432: Table 'EF Unit of Measure Type' is marked for removal. Reason: Replaced by table "DXR_Unit of Measure Type". Migrated by codeunit "DXR_Upgrade".. Tag: DXR-EF-Migration-28.1.0.
src\Adapters\VP\DXRMCCVPMigrPhase7.Codeunit.al(266,29): warning AL0432: Table 'DXR_VP Setup_Old' is marked for removal. Reason: Superseded by table 52684 "DXR_VP Setup" after the 51801-54999 global ID renumbering (this was a direct ID change on the live SaaS table, not a safe rename); restored here at the original ID/structure so publish does not attempt to remove this table. Retained for the ID-cutover data migration.. Tag: 28.3.1.0.
src\Adapters\DRLOC\DXRMCCDRLOCMigrPhase3.Codeunit.al(178,19): warning AL0432: Table 'DXArchived Purchase - (606)' is marked for removal. Reason: Replaced by the DXR-prefixed table for Business Central 28.. Tag: 28.0.
src\Adapters\DRLOC\DXRMCCDRLOCMigrPhase3.Codeunit.al(180,19): warning AL0432: Table 'DXITBIS Purchase (606)' is marked for removal. Reason: Replaced by the DXR-prefixed table for Business Central 28.. Tag: 28.0.
src\Adapters\DRLOC\DXRMCCDRLOCMigrPhase3.Codeunit.al(182,19): warning AL0432: Table 'DXPurchase Line Settlement' is marked for removal. Reason: Replaced by the DXR-prefixed table for Business Central 28.. Tag: 28.0.
src\Adapters\DRLOC\DXRMCCDRLOCMigrPhase3.Codeunit.al(184,19): warning AL0432: Table 'DXPurchase WS Settlement' is marked for removal. Reason: Replaced by the DXR-prefixed table for Business Central 28.. Tag: 28.0.
src\Adapters\DRLOC\DXRMCCDRLOCMigrPhase3.Codeunit.al(186,19): warning AL0432: Table 'DXVendor Withholding Header' is marked for removal. Reason: Replaced by the DXR-prefixed table for Business Central 28.. Tag: 28.0.
src\Adapters\DRLOC\DXRMCCDRLOCMigrPhase3.Codeunit.al(188,19): warning AL0432: Table 'DXWithholding Vendor Lines' is marked for removal. Reason: Replaced by the DXR-prefixed table for Business Central 28.. Tag: 28.0.
src\Adapters\VP\DXRMCCVPMigrPhase7.Codeunit.al(339,29): warning AL0432: Table 'DXR_VP VendorPay Group_Old' is marked for removal. Reason: Superseded by table 52691 "DXR_VP VendorPay Group" after the 51801-54999 global ID renumbering (this was a direct ID change on the live SaaS table, not a safe rename); restored here at the original ID/structure so publish does not attempt to remove this table. Retained for the ID-cutover data migration.. Tag: 28.3.1.0.
src\Adapters\VP\DXRMCCVPMigrPhase7.Codeunit.al(390,74): warning AL0432: Table 'DXR_VP VendorPay Group_Old' is marked for removal. Reason: Superseded by table 52691 "DXR_VP VendorPay Group" after the 51801-54999 global ID renumbering (this was a direct ID change on the live SaaS table, not a safe rename); restored here at the original ID/structure so publish does not attempt to remove this table. Retained for the ID-cutover data migration.. Tag: 28.3.1.0.
src\Adapters\DRLOC\DXRMCCDRLOCMigrPhase5.Codeunit.al(221,19): warning AL0432: Table 'DXVendorWithholdingLedgerEntry' is marked for removal. Reason: Replaced by the DXR-prefixed table for Business Central 28.. Tag: 28.0.
src\Adapters\DRLOC\DXRMCCDRLOCMigrPhase5.Codeunit.al(224,19): warning AL0432: Table 'DXR_Cust Withhold Entries' is marked for removal. Reason: The customer withholding module is deprecated.. Tag: 28.0.
src\Adapters\DRLOC\DXRMCCDRLOCMigrPhase5.Codeunit.al(237,19): warning AL0432: Table 'DXArch Withholding Gov. Hdr' is marked for removal. Reason: Replaced by the DXR-prefixed table for Business Central 28.. Tag: 28.0.
src\Adapters\DRLOC\DXRMCCDRLOCMigrPhase5.Codeunit.al(239,19): warning AL0432: Table 'DXArchived Bank Charges Hdr' is marked for removal. Reason: Replaced by the DXR-prefixed table for Business Central 28.. Tag: 28.0.
src\Adapters\DRLOC\DXRMCCDRLOCMigrPhase5.Codeunit.al(240,19): warning AL0432: Table 'DXWithholding Govern. Header' is marked for removal. Reason: Replaced by the DXR-prefixed table for Business Central 28.. Tag: 28.0.
src\Adapters\DRLOC\DXRMCCDRLOCMigrPhase5.Codeunit.al(242,19): warning AL0432: Table 'DXArch. C. C. Charges Header' is marked for removal. Reason: Replaced by the DXR-prefixed table for Business Central 28.. Tag: 28.0.
src\Adapters\DRLOC\DXRMCCDRLOCMigrPhase5.Codeunit.al(243,19): warning AL0432: Table 'DXArch. C. C. Charges Lines' is marked for removal. Reason: Replaced by the DXR-prefixed table for Business Central 28.. Tag: 28.0.
src\Adapters\DRLOC\DXRMCCDRLOCMigrPhase5.Codeunit.al(244,19): warning AL0432: Table 'DXArch. Withhold. Gov. Lines' is marked for removal. Reason: Replaced by the DXR-prefixed table for Business Central 28.. Tag: 28.0.
src\Adapters\DRLOC\DXRMCCDRLOCMigrPhase5.Codeunit.al(246,19): warning AL0432: Table 'DXBank Charges Header' is marked for removal. Reason: Replaced by the DXR-prefixed table for Business Central 28.. Tag: 28.0.
src\Adapters\DRLOC\DXRMCCDRLOCMigrPhase5.Codeunit.al(248,19): warning AL0432: Table 'DXCred. Card Charges Header' is marked for removal. Reason: Replaced by the DXR-prefixed table for Business Central 28.. Tag: 28.0.
src\Adapters\DRLOC\DXRMCCDRLOCMigrPhase5.Codeunit.al(250,19): warning AL0432: Table 'DXCred. Card Charges Lines' is marked for removal. Reason: Replaced by the DXR-prefixed table for Business Central 28.. Tag: 28.0.
src\Adapters\DRLOC\DXRMCCDRLOCMigrPhase5.Codeunit.al(252,19): warning AL0432: Table 'DXMessage Log Table' is marked for removal. Reason: Replaced by the DXR-prefixed table for Business Central 28.. Tag: 28.0.
src\Adapters\DRLOC\DXRMCCDRLOCMigrPhase5.Codeunit.al(254,19): warning AL0432: Table 'DXWithholding Govern. Lines' is marked for removal. Reason: Replaced by the DXR-prefixed table for Business Central 28.. Tag: 28.0.
src\Adapters\DRLOC\DXRMCCDRLOCMigrPhase3.Codeunit.al(457,57): warning AL0432: Enum 'Posted Inv. Status' is marked for removal. Reason: Replaced by "DXR_Posted Inv. Status". Use the new enum instead.. Tag: 28.3.
src\Adapters\DRLOC\DXRMCCDRLOCMigrPhase3.Codeunit.al(714,42): warning AL0432: Table 'DXArchived Purchase - (606)' is marked for removal. Reason: Replaced by the DXR-prefixed table for Business Central 28.. Tag: 28.0.
src\Adapters\DRLOC\DXRMCCDRLOCMigrPhase3.Codeunit.al(824,39): warning AL0432: Table 'DXITBIS Purchase (606)' is marked for removal. Reason: Replaced by the DXR-prefixed table for Business Central 28.. Tag: 28.0.
src\Adapters\DRLOC\DXRMCCDRLOCMigrPhase3.Codeunit.al(894,45): warning AL0432: Table 'DXPurchase Line Settlement' is marked for removal. Reason: Replaced by the DXR-prefixed table for Business Central 28.. Tag: 28.0.
src\Adapters\DRLOC\DXRMCCDRLOCMigrPhase3.Codeunit.al(944,43): warning AL0432: Table 'DXPurchase WS Settlement' is marked for removal. Reason: Replaced by the DXR-prefixed table for Business Central 28.. Tag: 28.0.
src\Adapters\DRLOC\DXRMCCDRLOCMigrPhase3.Codeunit.al(990,46): warning AL0432: Table 'DXVendor Withholding Header' is marked for removal. Reason: Replaced by the DXR-prefixed table for Business Central 28.. Tag: 28.0.
src\Adapters\VP\DXRMCCVPMigrPhase7.Codeunit.al(419,32): warning AL0432: Table 'DXR_VP Currency Relation_Old' is marked for removal. Reason: Superseded by table 52707 "DXR_VP Currency Relation" after the 51801-54999 global ID renumbering (this was a direct ID change on the live SaaS table, not a safe rename); restored here at the original ID/structure so publish does not attempt to remove this table. Retained for the ID-cutover data migration.. Tag: 28.3.1.0.
src\Adapters\DRLOC\DXRMCCDRLOCMigrPhase3.Codeunit.al(1038,45): warning AL0432: Table 'DXWithholding Vendor Lines' is marked for removal. Reason: Replaced by the DXR-prefixed table for Business Central 28.. Tag: 28.0.
src\Adapters\DRLOC\DXRMCCDRLOCMigrPhase5.Codeunit.al(352,29): warning AL0432: Table 'DXVendorWithholdingLedgerEntry' is marked for removal. Reason: Replaced by the DXR-prefixed table for Business Central 28.. Tag: 28.0.
src\Adapters\VP\DXRMCCVPMigrPhase7.Codeunit.al(444,33): warning AL0432: Table 'DXR_VP Provincia_Old' is marked for removal. Reason: Superseded by table 52713 "DXR_VP Provincia" after the 51801-54999 global ID renumbering (this was a direct ID change on the live SaaS table, not a safe rename); restored here at the original ID/structure so publish does not attempt to remove this table. Retained for the ID-cutover data migration.. Tag: 28.3.1.0.
src\Adapters\DRLOC\DXRMCCDRLOCMigrPhase5.Codeunit.al(583,42): warning AL0432: Table 'DXR_Cust Withhold Entries' is marked for removal. Reason: The customer withholding module is deprecated.. Tag: 28.0.
src\Adapters\DRLOC\DXRMCCDRLOCMigrPhase5.Codeunit.al(1846,24): warning AL0432: Table 'DXArch Withholding Gov. Hdr' is marked for removal. Reason: Replaced by the DXR-prefixed table for Business Central 28.. Tag: 28.0.
src\Adapters\DRLOC\DXRMCCDRLOCMigrPhase5.Codeunit.al(1892,24): warning AL0432: Table 'DXArchived Bank Charges Hdr' is marked for removal. Reason: Replaced by the DXR-prefixed table for Business Central 28.. Tag: 28.0.
src\Adapters\DRLOC\DXRMCCDRLOCMigrPhase5.Codeunit.al(1950,24): warning AL0432: Table 'DXWithholding Govern. Header' is marked for removal. Reason: Replaced by the DXR-prefixed table for Business Central 28.. Tag: 28.0.
src\Adapters\DRLOC\DXRMCCDRLOCMigrPhase5.Codeunit.al(1990,24): warning AL0432: Table 'DXArch. C. C. Charges Header' is marked for removal. Reason: Replaced by the DXR-prefixed table for Business Central 28.. Tag: 28.0.
src\Adapters\DRLOC\DXRMCCDRLOCMigrPhase5.Codeunit.al(2057,24): warning AL0432: Table 'DXArch. C. C. Charges Lines' is marked for removal. Reason: Replaced by the DXR-prefixed table for Business Central 28.. Tag: 28.0.
src\Adapters\DRLOC\DXRMCCDRLOCMigrPhase5.Codeunit.al(2105,24): warning AL0432: Table 'DXArch. Withhold. Gov. Lines' is marked for removal. Reason: Replaced by the DXR-prefixed table for Business Central 28.. Tag: 28.0.
src\Adapters\DRLOC\DXRMCCDRLOCMigrPhase5.Codeunit.al(2157,24): warning AL0432: Table 'DXBank Charges Header' is marked for removal. Reason: Replaced by the DXR-prefixed table for Business Central 28.. Tag: 28.0.
src\Adapters\DRLOC\DXRMCCDRLOCMigrPhase5.Codeunit.al(2217,24): warning AL0432: Table 'DXCred. Card Charges Header' is marked for removal. Reason: Replaced by the DXR-prefixed table for Business Central 28.. Tag: 28.0.
src\Adapters\FE\DXRMCCFEMigrPhase12.Codeunit.al(22,19): warning AL0432: Table 'EF Payload Text Chunk' is marked for removal. Reason: Replaced by DXR_Payload Text Chunk. Retained for V27 data migration.. Tag: 28.0.
src\Adapters\FE\DXRMCCFEMigrPhase12.Codeunit.al(23,19): warning AL0432: Table 'EF ATEB Send Registry' is marked for removal. Reason: Replaced by DXR_ATEB Send Registry. Retained for V27 data migration.. Tag: 28.0.
src\Adapters\DRLOC\DXRMCCDRLOCMigrPhase5.Codeunit.al(2286,24): warning AL0432: Table 'DXCred. Card Charges Lines' is marked for removal. Reason: Replaced by the DXR-prefixed table for Business Central 28.. Tag: 28.0.
src\Adapters\DRLOC\DXRMCCDRLOCMigrPhase5.Codeunit.al(2329,24): warning AL0432: Table 'DXMessage Log Table' is marked for removal. Reason: Replaced by the DXR-prefixed table for Business Central 28.. Tag: 28.0.
src\Adapters\DRLOC\DXRMCCDRLOCMigrPhase5.Codeunit.al(2373,24): warning AL0432: Table 'DXWithholding Govern. Lines' is marked for removal. Reason: Replaced by the DXR-prefixed table for Business Central 28.. Tag: 28.0.
src\Adapters\FE\DXRMCCFEMigrPhase12.Codeunit.al(45,24): warning AL0432: Table 'EF Payload Text Chunk' is marked for removal. Reason: Replaced by DXR_Payload Text Chunk. Retained for V27 data migration.. Tag: 28.0.
src\Adapters\FE\DXRMCCFEMigrPhase12.Codeunit.al(77,24): warning AL0432: Table 'EF ATEB Send Registry' is marked for removal. Reason: Replaced by DXR_ATEB Send Registry. Retained for V27 data migration.. Tag: 28.0.
src\Adapters\DRLOC\DXRMCCDRLOCMigrPhase6.Codeunit.al(388,19): warning AL0432: Table 'DX EF Send Registry' is marked for removal. Reason: Replaced by DXR_EF Send Registry. Retained for V27 data migration.. Tag: 28.0.
src\Adapters\DRLOC\DXRMCCDRLOCMigrPhase6.Codeunit.al(390,19): warning AL0432: Table 'DX NCF Fiscal Queue' is marked for removal. Reason: Replaced by DXR_NCF Fiscal Queue. Retained for V27 data migration.. Tag: 28.0.
src\Adapters\DRLOC\DXRMCCDRLOCMigrPhase6.Codeunit.al(395,19): warning AL0432: Table 'DX API Dgi Setup' is marked for removal. Reason: Replaced by the DXR-prefixed table for Business Central 28.. Tag: 28.0.
src\Adapters\DRLOC\DXRMCCDRLOCMigrPhase6.Codeunit.al(397,19): warning AL0432: Table 'DXArchived Bank Charges Lines' is marked for removal. Reason: Replaced by the DXR-prefixed table for Business Central 28.. Tag: 28.0.
src\Adapters\DRLOC\DXRMCCDRLOCMigrPhase6.Codeunit.al(399,19): warning AL0432: Table 'DXArchived Consumer Sales 607' is marked for removal. Reason: Replaced by the DXR-prefixed table for Business Central 28.. Tag: 28.0.
src\Adapters\DRLOC\DXRMCCDRLOCMigrPhase6.Codeunit.al(401,19): warning AL0432: Table 'DXArchived Purchase 606 Buffer' is marked for removal. Reason: Replaced by the DXR-prefixed table for Business Central 28.. Tag: 28.0.
src\Adapters\DRLOC\DXRMCCDRLOCMigrPhase6.Codeunit.al(403,19): warning AL0432: Table 'DX Bank Charges Lines' is marked for removal. Reason: Replaced by the DXR-prefixed table for Business Central 28.. Tag: 28.0.
src\Adapters\DRLOC\DXRMCCDRLOCMigrPhase6.Codeunit.al(405,19): warning AL0432: Table 'DX Bank Commission Setup' is marked for removal. Reason: Replaced by the DXR-prefixed table for Business Central 28.. Tag: 28.0.
src\Adapters\DRLOC\DXRMCCDRLOCMigrPhase6.Codeunit.al(407,19): warning AL0432: Table 'DX Cash Receipt Header' is marked for removal. Reason: Replaced by the DXR-prefixed table for Business Central 28.. Tag: 28.0.
src\Adapters\DRLOC\DXRMCCDRLOCMigrPhase6.Codeunit.al(409,19): warning AL0432: Table 'DX Cash Receipt Line' is marked for removal. Reason: Replaced by the DXR-prefixed table for Business Central 28.. Tag: 28.0.
src\Adapters\DRLOC\DXRMCCDRLOCMigrPhase6.Codeunit.al(411,19): warning AL0432: Table 'DX Consumer Sales 607 Buffer' is marked for removal. Reason: Replaced by the DXR-prefixed table for Business Central 28.. Tag: 28.0.
src\Adapters\DRLOC\DXRMCCDRLOCMigrPhase6.Codeunit.al(413,19): warning AL0432: Table 'DXCustomer Withholding Entries' is marked for removal. Reason: The customer withholding module is deprecated.. Tag: 28.0.
src\Adapters\DRLOC\DXRMCCDRLOCMigrPhase6.Codeunit.al(414,19): warning AL0432: Table 'DXR_Cust Withhold Entries' is marked for removal. Reason: The customer withholding module is deprecated.. Tag: 28.0.
src\Adapters\DRLOC\DXRMCCDRLOCMigrPhase6.Codeunit.al(415,19): warning AL0432: Table 'DXCustomer Withholding Header' is marked for removal. Reason: Replaced by the DXR-prefixed table for Business Central 28.. Tag: 28.0.
src\Adapters\DRLOC\DXRMCCDRLOCMigrPhase6.Codeunit.al(416,19): warning AL0432: Table 'DXR_Cust Withhold Header' is marked for removal. Reason: The customer withholding module is deprecated.. Tag: 28.0.
src\Adapters\DRLOC\DXRMCCDRLOCMigrPhase6.Codeunit.al(417,19): warning AL0432: Table 'DX Dependencies Metadata' is marked for removal. Reason: Replaced by the DXR-prefixed table for Business Central 28.. Tag: 28.0.
src\Adapters\DRLOC\DXRMCCDRLOCMigrPhase6.Codeunit.al(419,19): warning AL0432: Table 'DxDetalleServicioAdquirido' is marked for removal. Reason: Replaced by the DXR-prefixed table for Business Central 28.. Tag: 28.0.
src\Adapters\DRLOC\DXRMCCDRLOCMigrPhase6.Codeunit.al(421,19): warning AL0432: Table 'DX DGI ApiServices' is marked for removal. Reason: Replaced by the DXR-prefixed table for Business Central 28.. Tag: 28.0.
src\Adapters\DRLOC\DXRMCCDRLOCMigrPhase6.Codeunit.al(423,19): warning AL0432: Table 'DX DGI ApiServices FindByName' is marked for removal. Reason: Replaced by the DXR-prefixed table for Business Central 28.. Tag: 28.0.
src\Adapters\DRLOC\DXRMCCDRLOCMigrPhase6.Codeunit.al(425,19): warning AL0432: Table 'DX DGII Temp Table' is marked for removal. Reason: Replaced by the DXR-prefixed table for Business Central 28.. Tag: 28.0.
src\Adapters\DRLOC\DXRMCCDRLOCMigrPhase6.Codeunit.al(427,19): warning AL0432: Table 'DX History Purchase Header' is marked for removal. Reason: Replaced by the DXR-prefixed table for Business Central 28.. Tag: 28.0.
src\Adapters\DRLOC\DXRMCCDRLOCMigrPhase6.Codeunit.al(429,19): warning AL0432: Table 'DX History Purchase Line' is marked for removal. Reason: Replaced by the DXR-prefixed table for Business Central 28.. Tag: 28.0.
src\Adapters\DRLOC\DXRMCCDRLOCMigrPhase6.Codeunit.al(431,19): warning AL0432: Table 'DX NCF Process Registration' is marked for removal. Reason: Replaced by the DXR-prefixed table for Business Central 28.. Tag: 28.0.
src\Adapters\DRLOC\DXRMCCDRLOCMigrPhase6.Codeunit.al(433,19): warning AL0432: Table 'DX Purchase Type Relation' is marked for removal. Reason: Replaced by the DXR-prefixed table for Business Central 28.. Tag: 28.0.
src\Adapters\DRLOC\DXRMCCDRLOCMigrPhase6.Codeunit.al(435,19): warning AL0432: Table 'Dx Report Logs' is marked for removal. Reason: Replaced by the DXR-prefixed table for Business Central 28.. Tag: 28.0.
src\Adapters\DRLOC\DXRMCCDRLOCMigrPhase6.Codeunit.al(437,19): warning AL0432: Table 'DX Report Sales 607 Buffer' is marked for removal. Reason: Replaced by the DXR-prefixed table for Business Central 28.. Tag: 28.0.
src\Adapters\DRLOC\DXRMCCDRLOCMigrPhase6.Codeunit.al(439,19): warning AL0432: Table 'DXSendingPayServicesAbroad609' is marked for removal. Reason: Replaced by the DXR-prefixed table for Business Central 28.. Tag: 28.0.
src\Adapters\DRLOC\DXRMCCDRLOCMigrPhase6.Codeunit.al(441,19): warning AL0432: Table 'DxTipoServicioAdquirido' is marked for removal. Reason: Replaced by the DXR-prefixed table for Business Central 28.. Tag: 28.0.
src\Adapters\DRLOC\DXRMCCDRLOCMigrPhase6.Codeunit.al(570,24): warning AL0432: Table 'DX EF Send Registry' is marked for removal. Reason: Replaced by DXR_EF Send Registry. Retained for V27 data migration.. Tag: 28.0.
src\Adapters\DRLOC\DXRMCCDRLOCMigrPhase6.Codeunit.al(611,24): warning AL0432: Table 'DX NCF Fiscal Queue' is marked for removal. Reason: Replaced by DXR_NCF Fiscal Queue. Retained for V27 data migration.. Tag: 28.0.
src\Adapters\DRLOC\DXRMCCDRLOCMigrPhase6.Codeunit.al(653,24): warning AL0432: Table 'DX API Dgi Setup' is marked for removal. Reason: Replaced by the DXR-prefixed table for Business Central 28.. Tag: 28.0.
src\Adapters\DRLOC\DXRMCCDRLOCMigrPhase6.Codeunit.al(680,24): warning AL0432: Table 'DXArchived Bank Charges Lines' is marked for removal. Reason: Replaced by the DXR-prefixed table for Business Central 28.. Tag: 28.0.
src\Adapters\DRLOC\DXRMCCDRLOCMigrPhase6.Codeunit.al(720,24): warning AL0432: Table 'DXArchived Consumer Sales 607' is marked for removal. Reason: Replaced by the DXR-prefixed table for Business Central 28.. Tag: 28.0.
src\Adapters\DRLOC\DXRMCCDRLOCMigrPhase6.Codeunit.al(793,24): warning AL0432: Table 'DXArchived Purchase 606 Buffer' is marked for removal. Reason: Replaced by the DXR-prefixed table for Business Central 28.. Tag: 28.0.
src\Adapters\DRLOC\DXRMCCDRLOCMigrPhase6.Codeunit.al(892,24): warning AL0432: Table 'DX Bank Charges Lines' is marked for removal. Reason: Replaced by the DXR-prefixed table for Business Central 28.. Tag: 28.0.
src\Adapters\DRLOC\DXRMCCDRLOCMigrPhase6.Codeunit.al(922,24): warning AL0432: Table 'DX Bank Commission Setup' is marked for removal. Reason: Replaced by the DXR-prefixed table for Business Central 28.. Tag: 28.0.
src\Adapters\DRLOC\DXRMCCDRLOCMigrPhase6.Codeunit.al(949,24): warning AL0432: Table 'DX Cash Receipt Header' is marked for removal. Reason: Replaced by the DXR-prefixed table for Business Central 28.. Tag: 28.0.
src\Adapters\DRLOC\DXRMCCDRLOCMigrPhase6.Codeunit.al(1018,24): warning AL0432: Table 'DX Cash Receipt Line' is marked for removal. Reason: Replaced by the DXR-prefixed table for Business Central 28.. Tag: 28.0.
src\Adapters\DRLOC\DXRMCCDRLOCMigrPhase6.Codeunit.al(1089,24): warning AL0432: Table 'DX Consumer Sales 607 Buffer' is marked for removal. Reason: Replaced by the DXR-prefixed table for Business Central 28.. Tag: 28.0.
src\Adapters\DRLOC\DXRMCCDRLOCMigrPhase6.Codeunit.al(1162,24): warning AL0432: Table 'DXCustomer Withholding Entries' is marked for removal. Reason: The customer withholding module is deprecated.. Tag: 28.0.
src\Adapters\DRLOC\DXRMCCDRLOCMigrPhase6.Codeunit.al(1163,24): warning AL0432: Table 'DXR_Cust Withhold Entries' is marked for removal. Reason: The customer withholding module is deprecated.. Tag: 28.0.
src\Adapters\DRLOC\DXRMCCDRLOCMigrPhase6.Codeunit.al(1213,24): warning AL0432: Table 'DXCustomer Withholding Header' is marked for removal. Reason: Replaced by the DXR-prefixed table for Business Central 28.. Tag: 28.0.
src\Adapters\DRLOC\DXRMCCDRLOCMigrPhase6.Codeunit.al(1214,24): warning AL0432: Table 'DXR_Cust Withhold Header' is marked for removal. Reason: The customer withholding module is deprecated.. Tag: 28.0.
src\Adapters\DRLOC\DXRMCCDRLOCMigrPhase6.Codeunit.al(1258,24): warning AL0432: Table 'DX Dependencies Metadata' is marked for removal. Reason: Replaced by the DXR-prefixed table for Business Central 28.. Tag: 28.0.
src\Adapters\DRLOC\DXRMCCDRLOCMigrPhase6.Codeunit.al(1284,24): warning AL0432: Table 'DxDetalleServicioAdquirido' is marked for removal. Reason: Replaced by the DXR-prefixed table for Business Central 28.. Tag: 28.0.
src\Adapters\DRLOC\DXRMCCDRLOCMigrPhase6.Codeunit.al(1334,24): warning AL0432: Table 'DX DGI ApiServices' is marked for removal. Reason: Replaced by the DXR-prefixed table for Business Central 28.. Tag: 28.0.
src\Adapters\DRLOC\DXRMCCDRLOCMigrPhase6.Codeunit.al(1380,24): warning AL0432: Table 'DX DGI ApiServices FindByName' is marked for removal. Reason: Replaced by the DXR-prefixed table for Business Central 28.. Tag: 28.0.
src\Adapters\DRLOC\DXRMCCDRLOCMigrPhase6.Codeunit.al(1428,24): warning AL0432: Table 'DX DGII Temp Table' is marked for removal. Reason: Replaced by the DXR-prefixed table for Business Central 28.. Tag: 28.0.
src\Adapters\DRLOC\DXRMCCDRLOCMigrPhase6.Codeunit.al(1500,24): warning AL0432: Table 'DX History Purchase Header' is marked for removal. Reason: Replaced by the DXR-prefixed table for Business Central 28.. Tag: 28.0.
src\Adapters\DRLOC\DXRMCCDRLOCMigrPhase6.Codeunit.al(1682,24): warning AL0432: Table 'DX History Purchase Line' is marked for removal. Reason: Replaced by the DXR-prefixed table for Business Central 28.. Tag: 28.0.
src\Adapters\DRLOC\DXRMCCDRLOCMigrPhase6.Codeunit.al(1917,24): warning AL0432: Table 'DX NCF Process Registration' is marked for removal. Reason: Replaced by the DXR-prefixed table for Business Central 28.. Tag: 28.0.
src\Adapters\DRLOC\DXRMCCDRLOCMigrPhase6.Codeunit.al(1946,24): warning AL0432: Table 'DX Purchase Type Relation' is marked for removal. Reason: Replaced by the DXR-prefixed table for Business Central 28.. Tag: 28.0.
src\Adapters\DRLOC\DXRMCCDRLOCMigrPhase6.Codeunit.al(1970,24): warning AL0432: Table 'Dx Report Logs' is marked for removal. Reason: Replaced by the DXR-prefixed table for Business Central 28.. Tag: 28.0.
src\Adapters\DRLOC\DXRMCCDRLOCMigrPhase6.Codeunit.al(2008,24): warning AL0432: Table 'DX Report Sales 607 Buffer' is marked for removal. Reason: Replaced by the DXR-prefixed table for Business Central 28.. Tag: 28.0.
src\Adapters\DRLOC\DXRMCCDRLOCMigrPhase6.Codeunit.al(2079,24): warning AL0432: Table 'DXSendingPayServicesAbroad609' is marked for removal. Reason: Replaced by the DXR-prefixed table for Business Central 28.. Tag: 28.0.
src\Adapters\DRLOC\DXRMCCDRLOCMigrPhase6.Codeunit.al(2121,24): warning AL0432: Table 'DxTipoServicioAdquirido' is marked for removal. Reason: Replaced by the DXR-prefixed table for Business Central 28.. Tag: 28.0.
src\DXRMCCMain.Page.al(187,25): warning AL0482: The image TileSettings is not valid in this context. Verify the image name is correct and supported for this control type.
src\Adapters\DRLOC\DXRMCCAdaptDRLOCPaymentMethodRel.Codeunit.al(14,19): warning AL0432: Table 'DXPayment Method Relation' is marked for removal. Reason: Replaced by the DXR-prefixed table for Business Central 28.. Tag: 28.0.
src\Adapters\DRLOC\DXRMCCAdaptDRLOCPaymentMethodRel.Codeunit.al(24,24): warning AL0432: Table 'DXPayment Method Relation' is marked for removal. Reason: Replaced by the DXR-prefixed table for Business Central 28.. Tag: 28.0.
src\Adapters\LSLOC\DXRMCCLSLOCMigrOPOSSetup.Codeunit.al(26,19): error AL0161: 'Table "DXR_Gaps Setup"' is inaccessible due to its protection level
src\Adapters\LSLOC\DXRMCCLSLOCMigrOPOSSetup.Codeunit.al(99,20): error AL0161: 'Table "DXR_Gaps Setup"' is inaccessible due to its protection level
src\Adapters\DRLOC\DXRMCCDRLOCMigrPhase4.Codeunit.al(243,19): error AL0161: 'Table "DXR_Archived Sales 607"' is inaccessible due to its protection level
src\Adapters\DRLOC\DXRMCCDRLOCMigrPhase4.Codeunit.al(245,19): error AL0161: 'Table "DXR_ITBIS Sales (607)"' is inaccessible due to its protection level
src\Adapters\DRLOC\DXRMCCDRLOCMigrPhase4.Codeunit.al(247,19): error AL0161: 'Table "DXR_Consumer(02) sales(607)"' is inaccessible due to its protection level
src\Adapters\DRLOC\DXRMCCDRLOCMigrPhase4.Codeunit.al(249,19): error AL0161: 'Table "DXR_Customer Withholding Lines"' is inaccessible due to its protection level
src\Adapters\DRLOC\DXRMCCDRLOCMigrPhase4.Codeunit.al(251,19): error AL0161: 'Table "DXR_Cash Journal Receipt List"' is inaccessible due to its protection level
src\Adapters\DRLOC\DXRMCCDRLOCMigrPhase2.Codeunit.al(151,19): error AL0161: 'Table "DXR_Fiscal Receipt Types"' is inaccessible due to its protection level
src\Adapters\DRLOC\DXRMCCDRLOCMigrPhase2.Codeunit.al(153,19): error AL0161: 'Table NCFCategories_DXR' is inaccessible due to its protection level
src\Adapters\DRLOC\DXRMCCDRLOCMigrPhase2.Codeunit.al(155,19): error AL0161: 'Table "DXR_NCF Setup"' is inaccessible due to its protection level
src\Adapters\DRLOC\DXRMCCDRLOCMigrPhase2.Codeunit.al(157,19): error AL0161: 'Table "DXR_NCF Purchase Setup"' is inaccessible due to its protection level
src\Adapters\DRLOC\DXRMCCDRLOCMigrPhase2.Codeunit.al(159,19): error AL0161: 'Table "DXR_NCF Sales Setup"' is inaccessible due to its protection level
src\Adapters\DRLOC\DXRMCCDRLOCMigrPhase2.Codeunit.al(163,19): error AL0161: 'Table "DXR_Extract Cards"' is inaccessible due to its protection level
src\Adapters\DRLOC\DXRMCCDRLOCMigrPhase2.Codeunit.al(165,19): error AL0161: 'Table "DXR_Gubernamentales(623)"' is inaccessible due to its protection level
src\Adapters\DRLOC\DXRMCCDRLOCMigrPhase2.Codeunit.al(170,19): error AL0161: 'Table "DXR_Payment Methods 606-607"' is inaccessible due to its protection level
src\Adapters\DRLOC\DXRMCCDRLOCMigrPhase2.Codeunit.al(172,19): error AL0161: 'Table "DXR_Purchase Type Relation"' is inaccessible due to its protection level
src\Adapters\DRLOC\DXRMCCDRLOCMigrPhase2.Codeunit.al(174,19): error AL0161: 'Table "DXR_Tender Types Relation"' is inaccessible due to its protection level
src\Adapters\DRLOC\DXRMCCDRLOCMigrPhase2.Codeunit.al(176,19): error AL0161: 'Table "DXR_Income Types Setup"' is inaccessible due to its protection level
src\Adapters\DRLOC\DXRMCCDRLOCMigrPhase2.Codeunit.al(178,19): error AL0161: 'Table "DXR_ISR withholding Type"' is inaccessible due to its protection level
src\Adapters\DRLOC\DXRMCCDRLOCMigrPhase2.Codeunit.al(180,19): error AL0161: 'Table "Type of Income_DXR"' is inaccessible due to its protection level
src\Adapters\DRLOC\DXRMCCDRLOCMigrPhase2.Codeunit.al(182,19): error AL0161: 'Table "DXR_Customer Withholding Setup"' is inaccessible due to its protection level
src\Adapters\DRLOC\DXRMCCDRLOCMigrPhase2.Codeunit.al(184,19): error AL0161: 'Table "DXR_Vendor Withholding Setup"' is inaccessible due to its protection level
src\Adapters\DRLOC\DXRMCCDRLOCMigrPhase2.Codeunit.al(186,19): error AL0161: 'Table "DXR_Proporcionality 606"' is inaccessible due to its protection level
src\Adapters\DRLOC\DXRMCCDRLOCMigrPhase2.Codeunit.al(188,19): error AL0161: 'Table "DXR_Proporcionality Group 606"' is inaccessible due to its protection level
src\Adapters\FE\DXRMCCFEMigrPhase7.Codeunit.al(32,19): error AL0161: 'Table "DXR_NCF Purchase Setup"' is inaccessible due to its protection level
src\Adapters\FE\DXRMCCFEMigrPhase7.Codeunit.al(34,19): error AL0161: 'Table "DXR_NCF Sales Setup"' is inaccessible due to its protection level
src\Adapters\FE\DXRMCCFEMigrPhase7.Codeunit.al(36,19): error AL0161: 'Table "DXR_NCF Setup"' is inaccessible due to its protection level
src\Adapters\FE\DXRMCCFEMigrPhase7.Codeunit.al(38,19): error AL0161: 'Table "DXR_Payment Method Relation"' is inaccessible due to its protection level
src\Adapters\DRLOC\DXRMCCDRLOCMigrPhase2.Codeunit.al(772,32): error AL0161: 'Table "DXR_Fiscal Receipt Types"' is inaccessible due to its protection level
src\Adapters\DRLOC\DXRMCCDRLOCMigrPhase2.Codeunit.al(789,27): error AL0161: 'Table NCFCategories_DXR' is inaccessible due to its protection level
src\Adapters\DRLOC\DXRMCCDRLOCMigrPhase2.Codeunit.al(808,22): error AL0161: 'Table "DXR_NCF Setup"' is inaccessible due to its protection level
src\Adapters\FE\DXRMCCFEMigrPhase7.Codeunit.al(151,19): error AL0161: 'Table "DXR_NCF Purchase Setup"' is inaccessible due to its protection level
src\Adapters\DRLOC\DXRMCCDRLOCMigrPhase4.Codeunit.al(585,17): error AL0161: 'Table "DXR_Archived Sales 607"' is inaccessible due to its protection level
src\Adapters\DRLOC\DXRMCCDRLOCMigrPhase2.Codeunit.al(927,30): error AL0161: 'Table "DXR_NCF Purchase Setup"' is inaccessible due to its protection level
src\Adapters\LSLOC\DXRMCCLSLOCMigrDepFields.Codeunit.al(31,19): error AL0161: 'Table "DXR_Arch Consumer Sales 607"' is inaccessible due to its protection level
src\Adapters\LSLOC\DXRMCCLSLOCMigrDepFields.Codeunit.al(33,19): error AL0161: 'Table "DXR_Consumer Sales 607 Buffer"' is inaccessible due to its protection level
src\Adapters\LSLOC\DXRMCCLSLOCMigrDepFields.Codeunit.al(35,19): error AL0161: 'Table "DXR_Report Sales 607 Buffer"' is inaccessible due to its protection level
src\Adapters\LSLOC\DXRMCCLSLOCMigrDepFields.Codeunit.al(37,19): error AL0161: 'Table "DXR_Archived Sales 607"' is inaccessible due to its protection level
src\Adapters\LSLOC\DXRMCCLSLOCMigrDepFields.Codeunit.al(39,19): error AL0161: 'Table "DXR_Gaps Setup"' is inaccessible due to its protection level
src\Adapters\LSLOC\DXRMCCLSLOCMigrDepFields.Codeunit.al(41,19): error AL0161: 'Table "DXR_NCF Setup"' is inaccessible due to its protection level
src\Adapters\LSLOC\DXRMCCLSLOCMigrDepFields.Codeunit.al(43,19): error AL0161: 'Table "DXR_NCF Sales Setup"' is inaccessible due to its protection level
src\Adapters\DRLOC\DXRMCCDRLOCMigrPhase2.Codeunit.al(950,27): error AL0161: 'Table "DXR_NCF Sales Setup"' is inaccessible due to its protection level
src\Adapters\FE\DXRMCCFEMigrPhase7.Codeunit.al(174,19): error AL0161: 'Table "DXR_NCF Sales Setup"' is inaccessible due to its protection level
src\Adapters\DRLOC\DXRMCCDRLOCMigrPhase4.Codeunit.al(675,17): error AL0161: 'Table "DXR_ITBIS Sales (607)"' is inaccessible due to its protection level
src\Adapters\LSLOC\DXRMCCLSLOCMigrDepFields.Codeunit.al(94,17): error AL0161: 'Table "DXR_Report Sales 607 Buffer"' is inaccessible due to its protection level
src\Adapters\DRLOC\DXRMCCDRLOCMigrPhase2.Codeunit.al(1130,26): error AL0161: 'Table "DXR_Extract Cards"' is inaccessible due to its protection level
src\Adapters\DRLOC\DXRMCCDRLOCMigrPhase4.Codeunit.al(740,17): error AL0161: 'Table "DXR_Consumer(02) sales(607)"' is inaccessible due to its protection level
src\Adapters\DRLOC\DXRMCCDRLOCMigrPhase2.Codeunit.al(1171,32): error AL0161: 'Table "DXR_Gubernamentales(623)"' is inaccessible due to its protection level
src\Adapters\LSLOC\DXRMCCLSLOCMigrDepFields.Codeunit.al(118,17): error AL0161: 'Table "DXR_Archived Sales 607"' is inaccessible due to its protection level
src\Adapters\FE\DXRMCCFEMigrPhase7.Codeunit.al(196,19): error AL0161: 'Table "DXR_NCF Setup"' is inaccessible due to its protection level
src\Adapters\DRLOC\DXRMCCDRLOCMigrPhase2.Codeunit.al(1320,34): error AL0161: 'Table "DXR_Payment Methods 606-607"' is inaccessible due to its protection level
src\Adapters\LSLOC\DXRMCCLSLOCMigrDepFields.Codeunit.al(142,17): error AL0161: 'Table "DXR_Arch Consumer Sales 607"' is inaccessible due to its protection level
src\Adapters\DRLOC\DXRMCCDRLOCMigrPhase2.Codeunit.al(1352,34): error AL0161: 'Table "DXR_Purchase Type Relation"' is inaccessible due to its protection level
src\Adapters\LSLOC\DXRMCCLSLOCMigrDepFields.Codeunit.al(159,17): error AL0161: 'Table "DXR_Consumer Sales 607 Buffer"' is inaccessible due to its protection level
src\Adapters\DRLOC\DXRMCCDRLOCMigrPhase2.Codeunit.al(1372,33): error AL0161: 'Table "DXR_Tender Types Relation"' is inaccessible due to its protection level
src\Adapters\DRLOC\DXRMCCDRLOCMigrPhase4.Codeunit.al(804,17): error AL0161: 'Table "DXR_Customer Withholding Lines"' is inaccessible due to its protection level
src\Adapters\LSLOC\DXRMCCLSLOCMigrDepFields.Codeunit.al(176,17): error AL0161: 'Table "DXR_Gaps Setup"' is inaccessible due to its protection level
src\Adapters\FE\DXRMCCFEMigrPhase7.Codeunit.al(221,22): error AL0161: 'Table "DXR_Payment Method Relation"' is inaccessible due to its protection level
src\Adapters\DRLOC\DXRMCCDRLOCMigrPhase2.Codeunit.al(1392,30): error AL0161: 'Table "DXR_Income Types Setup"' is inaccessible due to its protection level
src\Adapters\LSLOC\DXRMCCLSLOCMigrDepFields.Codeunit.al(203,17): error AL0161: 'Table "DXR_NCF Setup"' is inaccessible due to its protection level
src\Adapters\DRLOC\DXRMCCDRLOCMigrPhase2.Codeunit.al(1409,32): error AL0161: 'Table "DXR_ISR withholding Type"' is inaccessible due to its protection level
src\Adapters\LSLOC\DXRMCCLSLOCMigrDepFields.Codeunit.al(220,17): error AL0161: 'Table "DXR_NCF Sales Setup"' is inaccessible due to its protection level
src\Adapters\DRLOC\DXRMCCDRLOCMigrPhase2.Codeunit.al(1430,26): error AL0161: 'Table "Type of Income_DXR"' is inaccessible due to its protection level
src\Adapters\DRLOC\DXRMCCDRLOCMigrPhase4.Codeunit.al(845,17): error AL0161: 'Table "DXR_Cash Journal Receipt List"' is inaccessible due to its protection level
src\Adapters\DRLOC\DXRMCCDRLOCMigrPhase2.Codeunit.al(1450,38): error AL0161: 'Table "DXR_Customer Withholding Setup"' is inaccessible due to its protection level
src\Adapters\DRLOC\DXRMCCDRLOCMigrPhase2.Codeunit.al(1476,36): error AL0161: 'Table "DXR_Vendor Withholding Setup"' is inaccessible due to its protection level
src\Adapters\DRLOC\DXRMCCDRLOCMigrPhase2.Codeunit.al(1501,32): error AL0161: 'Table "DXR_Proporcionality 606"' is inaccessible due to its protection level
src\Adapters\DRLOC\DXRMCCDRLOCMigrPhase2.Codeunit.al(1522,37): error AL0161: 'Table "DXR_Proporcionality Group 606"' is inaccessible due to its protection level
src\Adapters\DRLOC\DXRMCCDRLOCMigrPhase3.Codeunit.al(179,19): error AL0161: 'Table "DXR_Archived Purchase - (606)"' is inaccessible due to its protection level
src\Adapters\DRLOC\DXRMCCDRLOCMigrPhase3.Codeunit.al(181,19): error AL0161: 'Table "DXR_ITBIS Purchase (606)"' is inaccessible due to its protection level
src\Adapters\DRLOC\DXRMCCDRLOCMigrPhase3.Codeunit.al(183,19): error AL0161: 'Table "DXR_Purchase Line Settlement"' is inaccessible due to its protection level
src\Adapters\DRLOC\DXRMCCDRLOCMigrPhase3.Codeunit.al(185,19): error AL0161: 'Table "DXR_Purchase WS Settlement"' is inaccessible due to its protection level
src\Adapters\DRLOC\DXRMCCDRLOCMigrPhase3.Codeunit.al(187,19): error AL0161: 'Table "DXR_Vendor Withholding Header"' is inaccessible due to its protection level
src\Adapters\DRLOC\DXRMCCDRLOCMigrPhase3.Codeunit.al(189,19): error AL0161: 'Table "DXR_Withholding Vendor Lines"' is inaccessible due to its protection level
src\Adapters\DRLOC\DXRMCCDRLOCMigrPhase5.Codeunit.al(222,19): error AL0161: 'Table DXR_VendWithholdLedgerEntry' is inaccessible due to its protection level
src\Adapters\DRLOC\DXRMCCDRLOCMigrPhase5.Codeunit.al(224,19): error AL0161: 'Table "DXR_Cust Withhold Entries"' is inaccessible due to its protection level
src\Adapters\DRLOC\DXRMCCDRLOCMigrPhase5.Codeunit.al(225,19): error AL0161: 'Table "DXR_Archived Purchase - (606)"' is inaccessible due to its protection level
src\Adapters\DRLOC\DXRMCCDRLOCMigrPhase5.Codeunit.al(228,19): error AL0161: 'Table NCFCategories_DXR' is inaccessible due to its protection level
src\Adapters\DRLOC\DXRMCCDRLOCMigrPhase5.Codeunit.al(229,19): error AL0161: 'Table "DXR_Vendor Withholding Setup"' is inaccessible due to its protection level
src\Adapters\DRLOC\DXRMCCDRLOCMigrPhase5.Codeunit.al(230,19): error AL0161: 'Table "DXR_Archived Bank Charges Hdr"' is inaccessible due to its protection level
src\Adapters\DRLOC\DXRMCCDRLOCMigrPhase5.Codeunit.al(231,19): error AL0161: 'Table "DXR_Arch Bank Charges Lines"' is inaccessible due to its protection level
src\Adapters\DRLOC\DXRMCCDRLOCMigrPhase5.Codeunit.al(232,19): error AL0161: 'Table "DXR_Arch. C. C. Charges Header"' is inaccessible due to its protection level
src\Adapters\DRLOC\DXRMCCDRLOCMigrPhase5.Codeunit.al(233,19): error AL0161: 'Table "DXR_Arch. C. C. Charges Lines"' is inaccessible due to its protection level
src\Adapters\DRLOC\DXRMCCDRLOCMigrPhase5.Codeunit.al(234,19): error AL0161: 'Table "DXR_NCF Setup"' is inaccessible due to its protection level
src\Adapters\DRLOC\DXRMCCDRLOCMigrPhase5.Codeunit.al(238,19): error AL0161: 'Table "DXR_Arch Withholding Gov. Hdr"' is inaccessible due to its protection level
src\Adapters\DRLOC\DXRMCCDRLOCMigrPhase5.Codeunit.al(241,19): error AL0161: 'Table "DXR_Withholding Govern. Header"' is inaccessible due to its protection level
src\Adapters\DRLOC\DXRMCCDRLOCMigrPhase5.Codeunit.al(245,19): error AL0161: 'Table "DXR_Arch. Withhold. Gov. Lines"' is inaccessible due to its protection level
src\Adapters\DRLOC\DXRMCCDRLOCMigrPhase5.Codeunit.al(247,19): error AL0161: 'Table "DXR_Bank Charges Header"' is inaccessible due to its protection level
src\Adapters\DRLOC\DXRMCCDRLOCMigrPhase5.Codeunit.al(249,19): error AL0161: 'Table "DXR_Cred. Card Charges Header"' is inaccessible due to its protection level
src\Adapters\DRLOC\DXRMCCDRLOCMigrPhase5.Codeunit.al(251,19): error AL0161: 'Table "DXR_Cred. Card Charges Lines"' is inaccessible due to its protection level
src\Adapters\DRLOC\DXRMCCDRLOCMigrPhase5.Codeunit.al(255,19): error AL0161: 'Table "DXR_Withholding Govern. Lines"' is inaccessible due to its protection level
src\Adapters\DRLOC\DXRMCCDRLOCMigrPhase3.Codeunit.al(715,36): error AL0161: 'Table "DXR_Archived Purchase - (606)"' is inaccessible due to its protection level
src\Adapters\DRLOC\DXRMCCDRLOCMigrPhase3.Codeunit.al(825,33): error AL0161: 'Table "DXR_ITBIS Purchase (606)"' is inaccessible due to its protection level
src\Adapters\DRLOC\DXRMCCDRLOCMigrPhase3.Codeunit.al(895,39): error AL0161: 'Table "DXR_Purchase Line Settlement"' is inaccessible due to its protection level
src\Adapters\DRLOC\DXRMCCDRLOCMigrPhase3.Codeunit.al(945,37): error AL0161: 'Table "DXR_Purchase WS Settlement"' is inaccessible due to its protection level
src\Adapters\DRLOC\DXRMCCDRLOCMigrPhase3.Codeunit.al(991,40): error AL0161: 'Table "DXR_Vendor Withholding Header"' is inaccessible due to its protection level
src\Adapters\DRLOC\DXRMCCDRLOCMigrPhase3.Codeunit.al(1039,39): error AL0161: 'Table "DXR_Withholding Vendor Lines"' is inaccessible due to its protection level
src\Adapters\DRLOC\DXRMCCDRLOCMigrPhase5.Codeunit.al(353,19): error AL0161: 'Table DXR_VendWithholdLedgerEntry' is inaccessible due to its protection level
src\Adapters\DRLOC\DXRMCCDRLOCMigrPhase5.Codeunit.al(453,27): error AL0161: 'Table DXR_VendWithholdLedgerEntry' is inaccessible due to its protection level
src\Adapters\DRLOC\DXRMCCDRLOCMigrPhase5.Codeunit.al(581,27): error AL0161: 'Table DXR_VendWithholdLedgerEntry' is inaccessible due to its protection level
src\Adapters\DRLOC\DXRMCCDRLOCMigrPhase5.Codeunit.al(583,35): error AL0161: 'Table "DXR_Cust Withhold Entries"' is inaccessible due to its protection level
src\Adapters\DRLOC\DXRMCCDRLOCMigrPhase5.Codeunit.al(691,21): error AL0161: 'Table "DXR_Archived Purchase - (606)"' is inaccessible due to its protection level
src\Adapters\DRLOC\DXRMCCDRLOCMigrPhase5.Codeunit.al(694,24): error AL0161: 'Table NCFCategories_DXR' is inaccessible due to its protection level
src\Adapters\DRLOC\DXRMCCDRLOCMigrPhase5.Codeunit.al(782,21): error AL0161: 'Table "DXR_Archived Purchase - (606)"' is inaccessible due to its protection level
src\Adapters\DRLOC\DXRMCCDRLOCMigrPhase5.Codeunit.al(783,27): error AL0161: 'Table DXR_VendWithholdLedgerEntry' is inaccessible due to its protection level
src\Adapters\DRLOC\DXRMCCDRLOCMigrPhase5.Codeunit.al(784,33): error AL0161: 'Table "DXR_Vendor Withholding Setup"' is inaccessible due to its protection level
src\Adapters\DRLOC\DXRMCCDRLOCMigrPhase5.Codeunit.al(874,27): error AL0161: 'Table DXR_VendWithholdLedgerEntry' is inaccessible due to its protection level
src\Adapters\DRLOC\DXRMCCDRLOCMigrPhase5.Codeunit.al(1025,27): error AL0161: 'Table DXR_VendWithholdLedgerEntry' is inaccessible due to its protection level
src\Adapters\DRLOC\DXRMCCDRLOCMigrPhase5.Codeunit.al(1162,21): error AL0161: 'Table "DXR_Archived Purchase - (606)"' is inaccessible due to its protection level
src\Adapters\DRLOC\DXRMCCDRLOCMigrPhase5.Codeunit.al(1163,27): error AL0161: 'Table DXR_VendWithholdLedgerEntry' is inaccessible due to its protection level
src\Adapters\DRLOC\DXRMCCDRLOCMigrPhase5.Codeunit.al(1164,33): error AL0161: 'Table "DXR_Vendor Withholding Setup"' is inaccessible due to its protection level
src\Adapters\DRLOC\DXRMCCDRLOCMigrPhase5.Codeunit.al(1292,21): error AL0161: 'Table "DXR_Archived Purchase - (606)"' is inaccessible due to its protection level
src\Adapters\DRLOC\DXRMCCDRLOCMigrPhase5.Codeunit.al(1293,27): error AL0161: 'Table DXR_VendWithholdLedgerEntry' is inaccessible due to its protection level
src\Adapters\DRLOC\DXRMCCDRLOCMigrPhase5.Codeunit.al(1294,33): error AL0161: 'Table "DXR_Vendor Withholding Setup"' is inaccessible due to its protection level
src\Adapters\DRLOC\DXRMCCDRLOCMigrPhase5.Codeunit.al(1418,21): error AL0161: 'Table "DXR_Archived Purchase - (606)"' is inaccessible due to its protection level
src\Adapters\DRLOC\DXRMCCDRLOCMigrPhase5.Codeunit.al(1419,27): error AL0161: 'Table DXR_VendWithholdLedgerEntry' is inaccessible due to its protection level
src\Adapters\DRLOC\DXRMCCDRLOCMigrPhase5.Codeunit.al(1420,33): error AL0161: 'Table "DXR_Vendor Withholding Setup"' is inaccessible due to its protection level
src\Adapters\DRLOC\DXRMCCDRLOCMigrPhase5.Codeunit.al(1635,33): error AL0161: 'Table "DXR_Archived Bank Charges Hdr"' is inaccessible due to its protection level
src\Adapters\DRLOC\DXRMCCDRLOCMigrPhase5.Codeunit.al(1659,30): error AL0161: 'Table "DXR_Arch. C. C. Charges Header"' is inaccessible due to its protection level
src\Adapters\DRLOC\DXRMCCDRLOCMigrPhase5.Codeunit.al(1685,21): error AL0161: 'Table "DXR_Archived Purchase - (606)"' is inaccessible due to its protection level
src\Adapters\DRLOC\DXRMCCDRLOCMigrPhase5.Codeunit.al(1686,24): error AL0161: 'Table NCFCategories_DXR' is inaccessible due to its protection level
src\Adapters\DRLOC\DXRMCCDRLOCMigrPhase5.Codeunit.al(1738,70): error AL0161: 'Table "DXR_Archived Bank Charges Hdr"' is inaccessible due to its protection level
src\Adapters\DRLOC\DXRMCCDRLOCMigrPhase5.Codeunit.al(1740,35): error AL0161: 'Table "DXR_Arch Bank Charges Lines"' is inaccessible due to its protection level
src\Adapters\DRLOC\DXRMCCDRLOCMigrPhase5.Codeunit.al(1756,78): error AL0161: 'Table "DXR_Archived Bank Charges Hdr"' is inaccessible due to its protection level
src\Adapters\DRLOC\DXRMCCDRLOCMigrPhase5.Codeunit.al(1758,35): error AL0161: 'Table "DXR_Arch Bank Charges Lines"' is inaccessible due to its protection level
src\Adapters\DRLOC\DXRMCCDRLOCMigrPhase5.Codeunit.al(1774,67): error AL0161: 'Table "DXR_Arch. C. C. Charges Header"' is inaccessible due to its protection level
src\Adapters\DRLOC\DXRMCCDRLOCMigrPhase5.Codeunit.al(1776,29): error AL0161: 'Table "DXR_Arch. C. C. Charges Lines"' is inaccessible due to its protection level
src\Adapters\DRLOC\DXRMCCDRLOCMigrPhase5.Codeunit.al(1792,75): error AL0161: 'Table "DXR_Arch. C. C. Charges Header"' is inaccessible due to its protection level
src\Adapters\DRLOC\DXRMCCDRLOCMigrPhase5.Codeunit.al(1799,19): error AL0161: 'Table "DXR_NCF Setup"' is inaccessible due to its protection level
src\Adapters\DRLOC\DXRMCCDRLOCMigrPhase5.Codeunit.al(1809,19): error AL0161: 'Table "DXR_NCF Setup"' is inaccessible due to its protection level
src\Adapters\DRLOC\DXRMCCDRLOCMigrPhase5.Codeunit.al(1847,17): error AL0161: 'Table "DXR_Arch Withholding Gov. Hdr"' is inaccessible due to its protection level
src\Adapters\DRLOC\DXRMCCDRLOCMigrPhase5.Codeunit.al(1893,17): error AL0161: 'Table "DXR_Archived Bank Charges Hdr"' is inaccessible due to its protection level
src\Adapters\DRLOC\DXRMCCDRLOCMigrPhase5.Codeunit.al(1951,17): error AL0161: 'Table "DXR_Withholding Govern. Header"' is inaccessible due to its protection level
src\Adapters\DRLOC\DXRMCCDRLOCMigrPhase5.Codeunit.al(1991,17): error AL0161: 'Table "DXR_Arch. C. C. Charges Header"' is inaccessible due to its protection level
src\Adapters\DRLOC\DXRMCCDRLOCMigrPhase5.Codeunit.al(2058,17): error AL0161: 'Table "DXR_Arch. C. C. Charges Lines"' is inaccessible due to its protection level
src\Adapters\DRLOC\DXRMCCDRLOCMigrPhase5.Codeunit.al(2106,17): error AL0161: 'Table "DXR_Arch. Withhold. Gov. Lines"' is inaccessible due to its protection level
src\Adapters\DRLOC\DXRMCCDRLOCMigrPhase5.Codeunit.al(2158,17): error AL0161: 'Table "DXR_Bank Charges Header"' is inaccessible due to its protection level
src\Adapters\DRLOC\DXRMCCDRLOCMigrPhase5.Codeunit.al(2218,17): error AL0161: 'Table "DXR_Cred. Card Charges Header"' is inaccessible due to its protection level
src\Adapters\DRLOC\DXRMCCDRLOCMigrPhase5.Codeunit.al(2287,17): error AL0161: 'Table "DXR_Cred. Card Charges Lines"' is inaccessible due to its protection level
src\Adapters\DRLOC\DXRMCCDRLOCMigrPhase5.Codeunit.al(2374,17): error AL0161: 'Table "DXR_Withholding Govern. Lines"' is inaccessible due to its protection level
src\Adapters\DRLOC\DXRMCCDRLOCMigrPhase6.Codeunit.al(396,19): error AL0161: 'Table "DXR_API Dgi Setup"' is inaccessible due to its protection level
src\Adapters\DRLOC\DXRMCCDRLOCMigrPhase6.Codeunit.al(398,19): error AL0161: 'Table "DXR_Arch Bank Charges Lines"' is inaccessible due to its protection level
src\Adapters\DRLOC\DXRMCCDRLOCMigrPhase6.Codeunit.al(400,19): error AL0161: 'Table "DXR_Arch Consumer Sales 607"' is inaccessible due to its protection level
src\Adapters\DRLOC\DXRMCCDRLOCMigrPhase6.Codeunit.al(402,19): error AL0161: 'Table "DXR_Arch Purchase 606 Buffer"' is inaccessible due to its protection level
src\Adapters\DRLOC\DXRMCCDRLOCMigrPhase6.Codeunit.al(404,19): error AL0161: 'Table "DXR_Bank Charges Lines"' is inaccessible due to its protection level
src\Adapters\DRLOC\DXRMCCDRLOCMigrPhase6.Codeunit.al(406,19): error AL0161: 'Table "DXR_Bank Commission Setup"' is inaccessible due to its protection level
src\Adapters\DRLOC\DXRMCCDRLOCMigrPhase6.Codeunit.al(408,19): error AL0161: 'Table "DXR_Cash Receipt Header"' is inaccessible due to its protection level
src\Adapters\DRLOC\DXRMCCDRLOCMigrPhase6.Codeunit.al(410,19): error AL0161: 'Table "DXR_Cash Receipt Line"' is inaccessible due to its protection level
src\Adapters\DRLOC\DXRMCCDRLOCMigrPhase6.Codeunit.al(412,19): error AL0161: 'Table "DXR_Consumer Sales 607 Buffer"' is inaccessible due to its protection level
src\Adapters\DRLOC\DXRMCCDRLOCMigrPhase6.Codeunit.al(414,19): error AL0161: 'Table "DXR_Cust Withhold Entries"' is inaccessible due to its protection level
src\Adapters\DRLOC\DXRMCCDRLOCMigrPhase6.Codeunit.al(416,19): error AL0161: 'Table "DXR_Cust Withhold Header"' is inaccessible due to its protection level
src\Adapters\DRLOC\DXRMCCDRLOCMigrPhase6.Codeunit.al(420,19): error AL0161: 'Table DXR_R_DetalleServicioAdquirido' is inaccessible due to its protection level
src\Adapters\DRLOC\DXRMCCDRLOCMigrPhase6.Codeunit.al(422,19): error AL0161: 'Table "DXR_DGI ApiServices"' is inaccessible due to its protection level
src\Adapters\DRLOC\DXRMCCDRLOCMigrPhase6.Codeunit.al(424,19): error AL0161: 'Table "DXR_DGI ApiServices FindByName"' is inaccessible due to its protection level
src\Adapters\DRLOC\DXRMCCDRLOCMigrPhase6.Codeunit.al(426,19): error AL0161: 'Table "DXR_DGII Temp Table"' is inaccessible due to its protection level
src\Adapters\DRLOC\DXRMCCDRLOCMigrPhase6.Codeunit.al(428,19): error AL0161: 'Table "DXR_History Purchase Header"' is inaccessible due to its protection level
src\Adapters\DRLOC\DXRMCCDRLOCMigrPhase6.Codeunit.al(430,19): error AL0161: 'Table "DXR_History Purchase Line"' is inaccessible due to its protection level
src\Adapters\DRLOC\DXRMCCDRLOCMigrPhase6.Codeunit.al(432,19): error AL0161: 'Table "DXR_NCF Process Registration"' is inaccessible due to its protection level
src\Adapters\DRLOC\DXRMCCDRLOCMigrPhase6.Codeunit.al(434,19): error AL0161: 'Table "DXR_Purchase Type Relation"' is inaccessible due to its protection level
src\Adapters\DRLOC\DXRMCCDRLOCMigrPhase6.Codeunit.al(438,19): error AL0161: 'Table "DXR_Report Sales 607 Buffer"' is inaccessible due to its protection level
src\Adapters\DRLOC\DXRMCCDRLOCMigrPhase6.Codeunit.al(440,19): error AL0161: 'Table DXR_SendPayServAbroad609' is inaccessible due to its protection level
src\Adapters\DRLOC\DXRMCCDRLOCMigrPhase6.Codeunit.al(442,19): error AL0161: 'Table DXR_R_TipoServicioAdquirido' is inaccessible due to its protection level
src\Adapters\DRLOC\DXRMCCDRLOCMigrPhase6.Codeunit.al(654,17): error AL0161: 'Table "DXR_API Dgi Setup"' is inaccessible due to its protection level
src\Adapters\DRLOC\DXRMCCDRLOCMigrPhase6.Codeunit.al(681,17): error AL0161: 'Table "DXR_Arch Bank Charges Lines"' is inaccessible due to its protection level
src\Adapters\DRLOC\DXRMCCDRLOCMigrPhase6.Codeunit.al(721,17): error AL0161: 'Table "DXR_Arch Consumer Sales 607"' is inaccessible due to its protection level
src\Adapters\DRLOC\DXRMCCDRLOCMigrPhase6.Codeunit.al(794,17): error AL0161: 'Table "DXR_Arch Purchase 606 Buffer"' is inaccessible due to its protection level
src\Adapters\DRLOC\DXRMCCDRLOCMigrPhase6.Codeunit.al(893,17): error AL0161: 'Table "DXR_Bank Charges Lines"' is inaccessible due to its protection level
src\Adapters\DRLOC\DXRMCCDRLOCMigrPhase6.Codeunit.al(923,17): error AL0161: 'Table "DXR_Bank Commission Setup"' is inaccessible due to its protection level
src\Adapters\DRLOC\DXRMCCDRLOCMigrPhase6.Codeunit.al(950,17): error AL0161: 'Table "DXR_Cash Receipt Header"' is inaccessible due to its protection level
src\Adapters\DRLOC\DXRMCCDRLOCMigrPhase6.Codeunit.al(1019,17): error AL0161: 'Table "DXR_Cash Receipt Line"' is inaccessible due to its protection level
src\Adapters\DRLOC\DXRMCCDRLOCMigrPhase6.Codeunit.al(1090,17): error AL0161: 'Table "DXR_Consumer Sales 607 Buffer"' is inaccessible due to its protection level
src\Adapters\DRLOC\DXRMCCDRLOCMigrPhase6.Codeunit.al(1163,17): error AL0161: 'Table "DXR_Cust Withhold Entries"' is inaccessible due to its protection level
src\Adapters\DRLOC\DXRMCCDRLOCMigrPhase6.Codeunit.al(1214,17): error AL0161: 'Table "DXR_Cust Withhold Header"' is inaccessible due to its protection level
src\Adapters\DRLOC\DXRMCCDRLOCMigrPhase6.Codeunit.al(1285,17): error AL0161: 'Table DXR_R_DetalleServicioAdquirido' is inaccessible due to its protection level
src\Adapters\DRLOC\DXRMCCDRLOCMigrPhase6.Codeunit.al(1335,17): error AL0161: 'Table "DXR_DGI ApiServices"' is inaccessible due to its protection level
src\Adapters\DRLOC\DXRMCCDRLOCMigrPhase6.Codeunit.al(1381,17): error AL0161: 'Table "DXR_DGI ApiServices FindByName"' is inaccessible due to its protection level
src\Adapters\DRLOC\DXRMCCDRLOCMigrPhase6.Codeunit.al(1429,17): error AL0161: 'Table "DXR_DGII Temp Table"' is inaccessible due to its protection level
src\Adapters\DRLOC\DXRMCCDRLOCMigrPhase6.Codeunit.al(1501,17): error AL0161: 'Table "DXR_History Purchase Header"' is inaccessible due to its protection level
src\Adapters\DRLOC\DXRMCCDRLOCMigrPhase6.Codeunit.al(1683,17): error AL0161: 'Table "DXR_History Purchase Line"' is inaccessible due to its protection level
src\Adapters\DRLOC\DXRMCCDRLOCMigrPhase6.Codeunit.al(1918,17): error AL0161: 'Table "DXR_NCF Process Registration"' is inaccessible due to its protection level
src\Adapters\DRLOC\DXRMCCDRLOCMigrPhase6.Codeunit.al(1947,17): error AL0161: 'Table "DXR_Purchase Type Relation"' is inaccessible due to its protection level
src\Adapters\DRLOC\DXRMCCDRLOCMigrPhase6.Codeunit.al(2009,17): error AL0161: 'Table "DXR_Report Sales 607 Buffer"' is inaccessible due to its protection level
src\Adapters\DRLOC\DXRMCCDRLOCMigrPhase6.Codeunit.al(2080,17): error AL0161: 'Table DXR_SendPayServAbroad609' is inaccessible due to its protection level
src\Adapters\DRLOC\DXRMCCDRLOCMigrPhase6.Codeunit.al(2122,17): error AL0161: 'Table DXR_R_TipoServicioAdquirido' is inaccessible due to its protection level
src\DXRMCCCompletionNotify.Codeunit.al(17,22): error AL0275: 'ObjectType' is an ambiguous reference between 'ObjectType' defined by the extension 'DX Bank Reconciliation by Dextra (28.3.1.0)' and 'ObjectType' defined by the extension '(Unknown)'.
src\Adapters\DRLOC\DXRMCCAdaptDRLOCPaymentMethodRel.Codeunit.al(15,19): error AL0161: 'Table "DXR_Payment Method Relation"' is inaccessible due to its protection level
src\Adapters\DRLOC\DXRMCCAdaptDRLOCPaymentMethodRel.Codeunit.al(25,14): error AL0161: 'Table "DXR_Payment Method Relation"' is inaccessible due to its protection level

Compilation ended at '10:31:19.243'.

